Archive member included to satisfy reference by file (symbol)

.pio/build/nucleo_g431rb/libFrameworkArduino.a(HardwareSerial.cpp.o)
                              .pio/build/nucleo_g431rb/src/main.cpp.o (SerialLP1)
.pio/build/nucleo_g431rb/libFrameworkArduino.a(Print.cpp.o)
                              .pio/build/nucleo_g431rb/src/main.cpp.o (Print::print(char const*))
.pio/build/nucleo_g431rb/libFrameworkArduino.a(Stream.cpp.o)
                              .pio/build/nucleo_g431rb/libFrameworkArduino.a(HardwareSerial.cpp.o) (Stream::readBytes(char*, unsigned int))
.pio/build/nucleo_g431rb/libFrameworkArduino.a(WString.cpp.o)
                              .pio/build/nucleo_g431rb/libFrameworkArduino.a(Stream.cpp.o) (String::String(char const*))
.pio/build/nucleo_g431rb/libFrameworkArduino.a(dtostrf.c.o)
                              .pio/build/nucleo_g431rb/libFrameworkArduino.a(WString.cpp.o) (dtostrf)
.pio/build/nucleo_g431rb/libFrameworkArduino.a(itoa.c.o)
                              .pio/build/nucleo_g431rb/libFrameworkArduino.a(WString.cpp.o) (ltoa)
.pio/build/nucleo_g431rb/libFrameworkArduino.a(main.cpp.o)
                              c:/users/user/.platformio/packages/toolchain-gccarmnoneeabi/bin/../lib/gcc/arm-none-eabi/12.3.1/../../../../arm-none-eabi/lib/thumb/v7e-m+fp/hard/crt0.o (main)
.pio/build/nucleo_g431rb/libFrameworkArduino.a(startup_stm32yyxx.S.o)
                              (Reset_Handler)
.pio/build/nucleo_g431rb/libFrameworkArduino.a(wiring_digital.c.o)
                              .pio/build/nucleo_g431rb/src/main.cpp.o (pinMode)
.pio/build/nucleo_g431rb/libFrameworkArduino.a(wiring_time.c.o)
                              .pio/build/nucleo_g431rb/libFrameworkArduino.a(Stream.cpp.o) (millis)
.pio/build/nucleo_g431rb/libFrameworkArduino.a(WSerial.cpp.o)
                              .pio/build/nucleo_g431rb/libFrameworkArduino.a(main.cpp.o) (serialEventRun())
.pio/build/nucleo_g431rb/libFrameworkArduino.a(board.c.o)
                              .pio/build/nucleo_g431rb/libFrameworkArduino.a(main.cpp.o) (init)
.pio/build/nucleo_g431rb/libFrameworkArduino.a(hooks.c.o)
                              .pio/build/nucleo_g431rb/libFrameworkArduino.a(wiring_time.c.o) (yield)
.pio/build/nucleo_g431rb/libFrameworkArduino.a(wiring_analog.c.o)
                              .pio/build/nucleo_g431rb/libFrameworkArduino.a(wiring_digital.c.o) (g_anOutputPinConfigured)
.pio/build/nucleo_g431rb/libFrameworkArduino.a(pins_arduino.c.o)
                              .pio/build/nucleo_g431rb/libFrameworkArduino.a(wiring_analog.c.o) (analogInputToPinName)
c:/users/user/.platformio/packages/toolchain-gccarmnoneeabi/bin/../lib/gcc/arm-none-eabi/12.3.1/thumb/v7e-m+fp/hard\libgcc.a(_arm_muldf3.o)
                              .pio/build/nucleo_g431rb/libFrameworkArduino.a(Print.cpp.o) (__aeabi_dmul)
c:/users/user/.platformio/packages/toolchain-gccarmnoneeabi/bin/../lib/gcc/arm-none-eabi/12.3.1/thumb/v7e-m+fp/hard\libgcc.a(_arm_addsubdf3.o)
                              .pio/build/nucleo_g431rb/libFrameworkArduino.a(Print.cpp.o) (__aeabi_dsub)
c:/users/user/.platformio/packages/toolchain-gccarmnoneeabi/bin/../lib/gcc/arm-none-eabi/12.3.1/thumb/v7e-m+fp/hard\libgcc.a(_arm_muldivdf3.o)
                              .pio/build/nucleo_g431rb/libFrameworkArduino.a(Print.cpp.o) (__aeabi_ddiv)
c:/users/user/.platformio/packages/toolchain-gccarmnoneeabi/bin/../lib/gcc/arm-none-eabi/12.3.1/thumb/v7e-m+fp/hard\libgcc.a(_arm_cmpdf2.o)
                              .pio/build/nucleo_g431rb/libFrameworkArduino.a(Print.cpp.o) (__aeabi_dcmplt)
c:/users/user/.platformio/packages/toolchain-gccarmnoneeabi/bin/../lib/gcc/arm-none-eabi/12.3.1/thumb/v7e-m+fp/hard\libgcc.a(_arm_unorddf2.o)
                              .pio/build/nucleo_g431rb/libFrameworkArduino.a(Print.cpp.o) (__aeabi_dcmpun)
c:/users/user/.platformio/packages/toolchain-gccarmnoneeabi/bin/../lib/gcc/arm-none-eabi/12.3.1/thumb/v7e-m+fp/hard\libgcc.a(_arm_fixdfsi.o)
                              .pio/build/nucleo_g431rb/libFrameworkArduino.a(dtostrf.c.o) (__aeabi_d2iz)
c:/users/user/.platformio/packages/toolchain-gccarmnoneeabi/bin/../lib/gcc/arm-none-eabi/12.3.1/thumb/v7e-m+fp/hard\libgcc.a(_arm_fixunsdfsi.o)
                              .pio/build/nucleo_g431rb/libFrameworkArduino.a(Print.cpp.o) (__aeabi_d2uiz)
c:/users/user/.platformio/packages/toolchain-gccarmnoneeabi/bin/../lib/gcc/arm-none-eabi/12.3.1/thumb/v7e-m+fp/hard\libgcc.a(_arm_truncdfsf2.o)
                              .pio/build/nucleo_g431rb/libFrameworkArduino.a(Stream.cpp.o) (__aeabi_d2f)
c:/users/user/.platformio/packages/toolchain-gccarmnoneeabi/bin/../lib/gcc/arm-none-eabi/12.3.1/thumb/v7e-m+fp/hard\libgcc.a(_aeabi_ldivmod.o)
                              .pio/build/nucleo_g431rb/SrcWrapper/src/HAL/stm32yyxx_hal_uart.c.o (__aeabi_ldivmod)
[...]
Memory Configuration

Name             Origin             Length             Attributes
*default*        0x00000000         0xffffffff
RAM              0x20000000         0x00008000         xrw
FLASH            0x08000000         0x00020000         xr

Linker script and memory map

                0x20008000                        _estack = (ORIGIN (RAM) + LENGTH (RAM))
                0x00000200                        _Min_Heap_Size = 0x200
                0x00000400                        _Min_Stack_Size = 0x400

.isr_vector     0x08000000      0x1d8
                0x08000000                        . = ALIGN (0x4)
 *(.isr_vector)
 .isr_vector    0x08000000      0x1d8 .pio/build/nucleo_g431rb/libFrameworkArduino.a(startup_stm32yyxx.S.o)
                0x08000000                g_pfnVectors
                0x080001d8                        . = ALIGN (0x4)

.text           0x080001d8     0x37e0
                0x080001d8                        . = ALIGN (0x4)
 *(.text)
 .text          0x080001d8       0x30 c:/users/user/.platformio/packages/toolchain-gccarmnoneeabi/bin/../lib/gcc/arm-none-eabi/12.3.1/thumb/v7e-m+fp/hard\libgcc.a(_aeabi_uldivmod.o)
                0x080001d8                __aeabi_uldivmod
 .text          0x08000208        0x4 c:/users/user/.platformio/packages/toolchain-gccarmnoneeabi/bin/../lib/gcc/arm-none-eabi/12.3.1/thumb/v7e-m+fp/hard\libgcc.a(_dvmd_tls.o)
                0x08000208                __aeabi_idiv0
                0x08000208                __aeabi_ldiv0
 .text          0x0800020c       0x10 c:/users/user/.platformio/packages/toolchain-gccarmnoneeabi/bin/../lib/gcc/arm-none-eabi/12.3.1/../../../../arm-none-eabi/lib/thumb/v7e-m+fp/hard\libc_nano.a(libc_a-strlen.o)
                0x0800020c                strlen
 *(.text*)
 .text.__do_global_dtors_aux
                0x0800021c       0x24 c:/users/user/.platformio/packages/toolchain-gccarmnoneeabi/bin/../lib/gcc/arm-none-eabi/12.3.1/thumb/v7e-m+fp/hard/crtbegin.o
 .text.frame_dummy
                0x08000240       0x1c c:/users/user/.platformio/packages/toolchain-gccarmnoneeabi/bin/../lib/gcc/arm-none-eabi/12.3.1/thumb/v7e-m+fp/hard/crtbegin.o
 .text.SystemClock_Config
                0x0800025c       0x72 .pio/build/nucleo_g431rb/FrameworkArduinoVariant/variant_NUCLEO_G431RB.cpp.o
                0x0800025c                SystemClock_Config
 .text.HAL_MspInit
                0x080002ce        0x2 .pio/build/nucleo_g431rb/SrcWrapper/src/HAL/stm32yyxx_hal.c.o
                0x080002ce                HAL_MspInit
 .text.HAL_InitTick
                0x080002d0       0x4c .pio/build/nucleo_g431rb/SrcWrapper/src/HAL/stm32yyxx_hal.c.o
                0x080002d0                HAL_InitTick
 .text.HAL_Init
                0x0800031c       0x1e .pio/build/nucleo_g431rb/SrcWrapper/src/HAL/stm32yyxx_hal.c.o
                0x0800031c                HAL_Init
 *fill*         0x0800033a        0x2 
 .text.HAL_IncTick
                0x0800033c       0x18 .pio/build/nucleo_g431rb/SrcWrapper/src/HAL/stm32yyxx_hal.c.o
                0x0800033c                HAL_IncTick
 .text.HAL_GetTick
                0x08000354        0xc .pio/build/nucleo_g431rb/SrcWrapper/src/HAL/stm32yyxx_hal.c.o
                0x08000354                HAL_GetTick
 .text.HAL_Delay
                0x08000360       0x28 .pio/build/nucleo_g431rb/SrcWrapper/src/HAL/stm32yyxx_hal.c.o
                0x08000360                HAL_Delay
 .text.HAL_NVIC_SetPriorityGrouping
                0x08000388       0x24 .pio/build/nucleo_g431rb/SrcWrapper/src/HAL/stm32yyxx_hal_cortex.c.o
                0x08000388                HAL_NVIC_SetPriorityGrouping
 .text.HAL_NVIC_SetPriority
                0x080003ac       0x64 .pio/build/nucleo_g431rb/SrcWrapper/src/HAL/stm32yyxx_hal_cortex.c.o
                0x080003ac                HAL_NVIC_SetPriority
 .text.HAL_NVIC_EnableIRQ
                0x08000410       0x1c .pio/build/nucleo_g431rb/SrcWrapper/src/HAL/stm32yyxx_hal_cortex.c.o
                0x08000410                HAL_NVIC_EnableIRQ
 .text.HAL_NVIC_DisableIRQ
                0x0800042c       0x24 .pio/build/nucleo_g431rb/SrcWrapper/src/HAL/stm32yyxx_hal_cortex.c.o
                0x0800042c                HAL_NVIC_DisableIRQ
 .text.HAL_SYSTICK_Config
                0x08000450       0x28 .pio/build/nucleo_g431rb/SrcWrapper/src/HAL/stm32yyxx_hal_cortex.c.o
                0x08000450                HAL_SYSTICK_Config
 .text.HAL_NVIC_ClearPendingIRQ
                0x08000478       0x1c .pio/build/nucleo_g431rb/SrcWrapper/src/HAL/stm32yyxx_hal_cortex.c.o
                0x08000478                HAL_NVIC_ClearPendingIRQ
 .text.HAL_SYSTICK_Callback
                0x08000494        0x2 .pio/build/nucleo_g431rb/SrcWrapper/src/HAL/stm32yyxx_hal_cortex.c.o
                0x08000494                HAL_SYSTICK_Callback
 .text.HAL_SYSTICK_IRQHandler
                0x08000496        0x8 .pio/build/nucleo_g431rb/SrcWrapper/src/HAL/stm32yyxx_hal_cortex.c.o
                0x08000496                HAL_SYSTICK_IRQHandler
 .text.HAL_CRC_MspInit
                0x0800049e        0x2 .pio/build/nucleo_g431rb/SrcWrapper/src/HAL/stm32yyxx_hal_crc.c.o
                0x0800049e                HAL_CRC_MspInit
 .text.HAL_CRC_Init
                0x080004a0       0x74 .pio/build/nucleo_g431rb/SrcWrapper/src/HAL/stm32yyxx_hal_crc.c.o
                0x080004a0                HAL_CRC_Init
 .text.HAL_CRCEx_Polynomial_Set
                0x08000514       0x4e .pio/build/nucleo_g431rb/SrcWrapper/src/HAL/stm32yyxx_hal_crc_ex.c.o
                0x08000514                HAL_CRCEx_Polynomial_Set
 .text.HAL_DAC_DeInit
                0x08000562       0x1c .pio/build/nucleo_g431rb/SrcWrapper/src/HAL/stm32yyxx_hal_dac.c.o
                0x08000562                HAL_DAC_DeInit
 .text.HAL_DAC_Stop
                0x0800057e       0x24 .pio/build/nucleo_g431rb/SrcWrapper/src/HAL/stm32yyxx_hal_dac.c.o
                0x0800057e                HAL_DAC_Stop
 .text.HAL_DMA_Abort
                0x080005a2       0x64 .pio/build/nucleo_g431rb/SrcWrapper/src/HAL/stm32yyxx_hal_dma.c.o
                0x080005a2                HAL_DMA_Abort
 .text.HAL_DMA_Abort_IT
                0x08000606       0x76 .pio/build/nucleo_g431rb/SrcWrapper/src/HAL/stm32yyxx_hal_dma.c.o
                0x08000606                HAL_DMA_Abort_IT
 .text.HAL_GPIO_EXTI_IRQHandler
                0x0800067c       0x18 .pio/build/nucleo_g431rb/SrcWrapper/src/HAL/stm32yyxx_hal_gpio.c.o
                0x0800067c                HAL_GPIO_EXTI_IRQHandler
 .text.HAL_PWR_EnableBkUpAccess
                0x08000694       0x10 .pio/build/nucleo_g431rb/SrcWrapper/src/HAL/stm32yyxx_hal_pwr.c.o
                0x08000694                HAL_PWR_EnableBkUpAccess
 .text.HAL_PWREx_ControlVoltageScaling
                0x080006a4       0xb0 .pio/build/nucleo_g431rb/SrcWrapper/src/HAL/stm32yyxx_hal_pwr_ex.c.o
                0x080006a4                HAL_PWREx_ControlVoltageScaling
 .text.HAL_PWREx_DisableUCPDDeadBattery
                0x08000754       0x10 .pio/build/nucleo_g431rb/SrcWrapper/src/HAL/stm32yyxx_hal_pwr_ex.c.o
                0x08000754                HAL_PWREx_DisableUCPDDeadBattery
 .text.HAL_RCC_OscConfig
                0x08000764      0x420 .pio/build/nucleo_g431rb/SrcWrapper/src/HAL/stm32yyxx_hal_rcc.c.o
                0x08000764                HAL_RCC_OscConfig
 .text.HAL_RCC_GetSysClockFreq
                0x08000b84       0x6c .pio/build/nucleo_g431rb/SrcWrapper/src/HAL/stm32yyxx_hal_rcc.c.o
                0x08000b84                HAL_RCC_GetSysClockFreq
 .text.HAL_RCC_ClockConfig
                0x08000bf0      0x1e8 .pio/build/nucleo_g431rb/SrcWrapper/src/HAL/stm32yyxx_hal_rcc.c.o
                0x08000bf0                HAL_RCC_ClockConfig
 .text.HAL_RCC_GetPCLK1Freq
                0x08000dd8       0x24 .pio/build/nucleo_g431rb/SrcWrapper/src/HAL/stm32yyxx_hal_rcc.c.o
                0x08000dd8                HAL_RCC_GetPCLK1Freq
 .text.HAL_RCC_GetPCLK2Freq
                0x08000dfc       0x24 .pio/build/nucleo_g431rb/SrcWrapper/src/HAL/stm32yyxx_hal_rcc.c.o
                0x08000dfc                HAL_RCC_GetPCLK2Freq
 .text.UART_EndRxTransfer
                0x08000e20       0x58 .pio/build/nucleo_g431rb/SrcWrapper/src/HAL/stm32yyxx_hal_uart.c.o
 .text.UART_TxISR_8BIT.part.0
                0x08000e78       0x26 .pio/build/nucleo_g431rb/SrcWrapper/src/HAL/stm32yyxx_hal_uart.c.o
 .text.UART_TxISR_8BIT
                0x08000e9e       0x30 .pio/build/nucleo_g431rb/SrcWrapper/src/HAL/stm32yyxx_hal_uart.c.o
 .text.UART_TxISR_16BIT
                0x08000ece       0x34 .pio/build/nucleo_g431rb/SrcWrapper/src/HAL/stm32yyxx_hal_uart.c.o
 .text.UART_TxISR_8BIT_FIFOEN
                0x08000f02       0x66 .pio/build/nucleo_g431rb/SrcWrapper/src/HAL/stm32yyxx_hal_uart.c.o
 .text.UART_TxISR_16BIT_FIFOEN
                0x08000f68       0x6a .pio/build/nucleo_g431rb/SrcWrapper/src/HAL/stm32yyxx_hal_uart.c.o
 .text.HAL_UART_MspInit
                0x08000fd2        0x2 .pio/build/nucleo_g431rb/SrcWrapper/src/HAL/stm32yyxx_hal_uart.c.o
                0x08000fd2                HAL_UART_MspInit
 .text.HAL_UART_Transmit_IT
                0x08000fd4       0xc8 .pio/build/nucleo_g431rb/SrcWrapper/src/HAL/stm32yyxx_hal_uart.c.o
                0x08000fd4                HAL_UART_Transmit_IT
 .text.UART_DMAAbortOnError
                0x0800109c       0x14 .pio/build/nucleo_g431rb/SrcWrapper/src/HAL/stm32yyxx_hal_uart.c.o
 .text.HAL_UARTEx_RxEventCallback
                0x080010b0        0x2 .pio/build/nucleo_g431rb/SrcWrapper/src/HAL/stm32yyxx_hal_uart.c.o
                0x080010b0                HAL_UARTEx_RxEventCallback
 *fill*         0x080010b2        0x2 
 .text.HAL_UART_IRQHandler
                0x080010b4      0x2e4 .pio/build/nucleo_g431rb/SrcWrapper/src/HAL/stm32yyxx_hal_uart.c.o
                0x080010b4                HAL_UART_IRQHandler
 .text.UART_RxISR_8BIT
                0x08001398       0xa2 .pio/build/nucleo_g431rb/SrcWrapper/src/HAL/stm32yyxx_hal_uart.c.o
 .text.UART_RxISR_16BIT
                0x0800143a       0x9c .pio/build/nucleo_g431rb/SrcWrapper/src/HAL/stm32yyxx_hal_uart.c.o
 *fill*         0x080014d6        0x2 
 .text.UART_RxISR_8BIT_FIFOEN
                0x080014d8      0x178 .pio/build/nucleo_g431rb/SrcWrapper/src/HAL/stm32yyxx_hal_uart.c.o
 .text.UART_RxISR_16BIT_FIFOEN
                0x08001650      0x174 .pio/build/nucleo_g431rb/SrcWrapper/src/HAL/stm32yyxx_hal_uart.c.o
 .text.HAL_HalfDuplex_EnableTransmitter
                0x080017c4       0x4c .pio/build/nucleo_g431rb/SrcWrapper/src/HAL/stm32yyxx_hal_uart.c.o
                0x080017c4                HAL_HalfDuplex_EnableTransmitter
 .text.HAL_HalfDuplex_EnableReceiver
                0x08001810       0x4c .pio/build/nucleo_g431rb/SrcWrapper/src/HAL/stm32yyxx_hal_uart.c.o
                0x08001810                HAL_HalfDuplex_EnableReceiver
 .text.HAL_UART_GetState
                0x0800185c        0xc .pio/build/nucleo_g431rb/SrcWrapper/src/HAL/stm32yyxx_hal_uart.c.o
                0x0800185c                HAL_UART_GetState
 .text.UART_SetConfig
                0x08001868      0x240 .pio/build/nucleo_g431rb/SrcWrapper/src/HAL/stm32yyxx_hal_uart.c.o
                0x08001868                UART_SetConfig
 .text.UART_AdvFeatureConfig
                0x08001aa8       0xa8 .pio/build/nucleo_g431rb/SrcWrapper/src/HAL/stm32yyxx_hal_uart.c.o
                0x08001aa8                UART_AdvFeatureConfig
 .text.UART_WaitOnFlagUntilTimeout
                0x08001b50       0xc8 .pio/build/nucleo_g431rb/SrcWrapper/src/HAL/stm32yyxx_hal_uart.c.o
                0x08001b50                UART_WaitOnFlagUntilTimeout
 .text.UART_CheckIdleState
                0x08001c18       0x68 .pio/build/nucleo_g431rb/SrcWrapper/src/HAL/stm32yyxx_hal_uart.c.o
                0x08001c18                UART_CheckIdleState
 .text.HAL_UART_Init
                0x08001c80       0x60 .pio/build/nucleo_g431rb/SrcWrapper/src/HAL/stm32yyxx_hal_uart.c.o
                0x08001c80                HAL_UART_Init
 .text.HAL_HalfDuplex_Init
                0x08001ce0       0x68 .pio/build/nucleo_g431rb/SrcWrapper/src/HAL/stm32yyxx_hal_uart.c.o
                0x08001ce0                HAL_HalfDuplex_Init
 .text.UART_Start_Receive_IT
                0x08001d48      0x130 .pio/build/nucleo_g431rb/SrcWrapper/src/HAL/stm32yyxx_hal_uart.c.o
                0x08001d48                UART_Start_Receive_IT
 .text.HAL_UART_Receive_IT
                0x08001e78       0x54 .pio/build/nucleo_g431rb/SrcWrapper/src/HAL/stm32yyxx_hal_uart.c.o
                0x08001e78                HAL_UART_Receive_IT
 .text.HAL_UARTEx_RxFifoFullCallback
                0x08001ecc        0x2 .pio/build/nucleo_g431rb/SrcWrapper/src/HAL/stm32yyxx_hal_uart_ex.c.o
                0x08001ecc                HAL_UARTEx_RxFifoFullCallback
 .text.HAL_UARTEx_TxFifoEmptyCallback
                0x08001ece        0x2 .pio/build/nucleo_g431rb/SrcWrapper/src/HAL/stm32yyxx_hal_uart_ex.c.o
                0x08001ece                HAL_UARTEx_TxFifoEmptyCallback
 .text.HAL_UARTEx_EnableStopMode
                0x08001ed0       0x2c .pio/build/nucleo_g431rb/SrcWrapper/src/HAL/stm32yyxx_hal_uart_ex.c.o
                0x08001ed0                HAL_UARTEx_EnableStopMode
 .text.HAL_UARTEx_DisableStopMode
                0x08001efc       0x2c .pio/build/nucleo_g431rb/SrcWrapper/src/HAL/stm32yyxx_hal_uart_ex.c.o
                0x08001efc                HAL_UARTEx_DisableStopMode
 .text.set_GPIO_Port_Clock
                0x08001f28       0xe0 .pio/build/nucleo_g431rb/SrcWrapper/src/stm32/PortNames.c.o
                0x08001f28                set_GPIO_Port_Clock
 .text.get_dac_channel
                0x08002008       0x24 .pio/build/nucleo_g431rb/SrcWrapper/src/stm32/analog.cpp.o
                0x08002008                get_dac_channel
 .text.HAL_DAC_MspDeInit
                0x0800202c       0x50 .pio/build/nucleo_g431rb/SrcWrapper/src/stm32/analog.cpp.o
                0x0800202c                HAL_DAC_MspDeInit
 .text.dac_stop
                0x0800207c       0x34 .pio/build/nucleo_g431rb/SrcWrapper/src/stm32/analog.cpp.o
                0x0800207c                dac_stop
 .text.getCurrentMillis
                0x080020b0        0x4 .pio/build/nucleo_g431rb/SrcWrapper/src/stm32/clock.c.o
                0x080020b0                getCurrentMillis
 .text.noOsSystickHandler
                0x080020b4        0x2 .pio/build/nucleo_g431rb/SrcWrapper/src/stm32/clock.c.o
                0x080020b4                osSystickHandler
                0x080020b4                noOsSystickHandler
 .text.SysTick_Handler
                0x080020b6       0x10 .pio/build/nucleo_g431rb/SrcWrapper/src/stm32/clock.c.o
                0x080020b6                SysTick_Handler
 *fill*         0x080020c6        0x2 
 .text.enableClock
                0x080020c8       0xcc .pio/build/nucleo_g431rb/SrcWrapper/src/stm32/clock.c.o
                0x080020c8                enableClock
 .text.configHSECapacitorTuning
                0x08002194        0x2 .pio/build/nucleo_g431rb/SrcWrapper/src/stm32/clock.c.o
                0x08002194                configHSECapacitorTuning
 *fill*         0x08002196        0x2 
 .text.configIPClock
                0x08002198       0x44 .pio/build/nucleo_g431rb/SrcWrapper/src/stm32/clock.c.o
                0x08002198                configIPClock
 .text.dwt_init
                0x080021dc       0x3c .pio/build/nucleo_g431rb/SrcWrapper/src/stm32/dwt.c.o
                0x080021dc                dwt_init
 .text.hw_config_init
                0x08002218       0x28 .pio/build/nucleo_g431rb/SrcWrapper/src/stm32/hw_config.c.o
                0x08002218                hw_config_init
 .text.startup._ZNSt8functionIFvvEEC2EDn.constprop.0.isra.0
                0x08002240        0xc .pio/build/nucleo_g431rb/SrcWrapper/src/stm32/interrupt.cpp.o
 .text._ZNSt14_Function_baseD2Ev
                0x0800224c       0x12 .pio/build/nucleo_g431rb/SrcWrapper/src/stm32/interrupt.cpp.o
                0x0800224c                std::_Function_base::~_Function_base()
                0x0800224c                std::_Function_base::~_Function_base()
 *fill*         0x0800225e        0x2 
 .text.HAL_GPIO_EXTI_Callback
                0x08002260       0x2c .pio/build/nucleo_g431rb/SrcWrapper/src/stm32/interrupt.cpp.o
                0x08002260                HAL_GPIO_EXTI_Callback
 .text.EXTI0_IRQHandler
                0x0800228c        0x6 .pio/build/nucleo_g431rb/SrcWrapper/src/stm32/interrupt.cpp.o
                0x0800228c                EXTI0_IRQHandler
 .text.EXTI1_IRQHandler
                0x08002292        0x6 .pio/build/nucleo_g431rb/SrcWrapper/src/stm32/interrupt.cpp.o
                0x08002292                EXTI1_IRQHandler
 .text.EXTI2_IRQHandler
                0x08002298        0x6 .pio/build/nucleo_g431rb/SrcWrapper/src/stm32/interrupt.cpp.o
                0x08002298                EXTI2_IRQHandler
 .text.EXTI3_IRQHandler
                0x0800229e        0x6 .pio/build/nucleo_g431rb/SrcWrapper/src/stm32/interrupt.cpp.o
                0x0800229e                EXTI3_IRQHandler
 .text.EXTI4_IRQHandler
                0x080022a4        0x6 .pio/build/nucleo_g431rb/SrcWrapper/src/stm32/interrupt.cpp.o
                0x080022a4                EXTI4_IRQHandler
 .text.EXTI9_5_IRQHandler
                0x080022aa       0x16 .pio/build/nucleo_g431rb/SrcWrapper/src/stm32/interrupt.cpp.o
                0x080022aa                EXTI9_5_IRQHandler
 .text.EXTI15_10_IRQHandler
                0x080022c0       0x18 .pio/build/nucleo_g431rb/SrcWrapper/src/stm32/interrupt.cpp.o
                0x080022c0                EXTI15_10_IRQHandler
 .text.startup._GLOBAL__sub_I__Z22stm32_interrupt_enableP12GPIO_TypeDeftSt8functionIFvvEEm
                0x080022d8       0xd8 .pio/build/nucleo_g431rb/SrcWrapper/src/stm32/interrupt.cpp.o
 .text.exit._GLOBAL__sub_D__Z22stm32_interrupt_enableP12GPIO_TypeDeftSt8functionIFvvEEm
                0x080023b0       0x1c .pio/build/nucleo_g431rb/SrcWrapper/src/stm32/interrupt.cpp.o
 .text.LL_GPIO_SetPinPull
                0x080023cc       0x2a .pio/build/nucleo_g431rb/SrcWrapper/src/stm32/pinmap.c.o
 .text.pin_in_pinmap
                0x080023f6       0x1e .pio/build/nucleo_g431rb/SrcWrapper/src/stm32/pinmap.c.o
                0x080023f6                pin_in_pinmap
 .text.pin_function
                0x08002414      0x11c .pio/build/nucleo_g431rb/SrcWrapper/src/stm32/pinmap.c.o
                0x08002414                pin_function
 .text.pinmap_pinout
                0x08002530       0x1a .pio/build/nucleo_g431rb/SrcWrapper/src/stm32/pinmap.c.o
                0x08002530                pinmap_pinout
 .text.pinmap_find_peripheral
                0x0800254a       0x16 .pio/build/nucleo_g431rb/SrcWrapper/src/stm32/pinmap.c.o
                0x0800254a                pinmap_find_peripheral
 .text.pinmap_peripheral
                0x08002560        0xc .pio/build/nucleo_g431rb/SrcWrapper/src/stm32/pinmap.c.o
                0x08002560                pinmap_peripheral
 .text.pinmap_find_pin
                0x0800256c       0x16 .pio/build/nucleo_g431rb/SrcWrapper/src/stm32/pinmap.c.o
                0x0800256c                pinmap_find_pin
 .text.pinmap_pin
                0x08002582        0xc .pio/build/nucleo_g431rb/SrcWrapper/src/stm32/pinmap.c.o
                0x08002582                pinmap_pin
 .text.pinmap_find_function
                0x0800258e       0x16 .pio/build/nucleo_g431rb/SrcWrapper/src/stm32/pinmap.c.o
                0x0800258e                pinmap_find_function
 .text.pinmap_function
                0x080025a4        0xa .pio/build/nucleo_g431rb/SrcWrapper/src/stm32/pinmap.c.o
                0x080025a4                pinmap_function
 .text.pinmap_merge_peripheral
                0x080025ae       0x14 .pio/build/nucleo_g431rb/SrcWrapper/src/stm32/pinmap.c.o
                0x080025ae                pinmap_merge_peripheral
 *fill*         0x080025c2        0x2 
 .text.SystemInit
                0x080025c4       0x44 .pio/build/nucleo_g431rb/SrcWrapper/src/stm32/system_stm32yyxx.c.o
                0x080025c4                SystemInit
 .text.uart_init.part.0
                0x08002608      0x40c .pio/build/nucleo_g431rb/SrcWrapper/src/stm32/uart.c.o
 .text.uart_init
                0x08002a14       0x16 .pio/build/nucleo_g431rb/SrcWrapper/src/stm32/uart.c.o
                0x08002a14                uart_init
 *fill*         0x08002a2a        0x2 
 .text.serial_rx_active
                0x08002a2c       0x24 .pio/build/nucleo_g431rb/SrcWrapper/src/stm32/uart.c.o
                0x08002a2c                serial_rx_active
 .text.serial_tx_active
                0x08002a50       0x24 .pio/build/nucleo_g431rb/SrcWrapper/src/stm32/uart.c.o
                0x08002a50                serial_tx_active
 .text.uart_getc
                0x08002a74       0x38 .pio/build/nucleo_g431rb/SrcWrapper/src/stm32/uart.c.o
                0x08002a74                uart_getc
 .text.uart_attach_rx_callback
                0x08002aac       0x40 .pio/build/nucleo_g431rb/SrcWrapper/src/stm32/uart.c.o
                0x08002aac                uart_attach_rx_callback
 .text.uart_attach_tx_callback
                0x08002aec       0x44 .pio/build/nucleo_g431rb/SrcWrapper/src/stm32/uart.c.o
                0x08002aec                uart_attach_tx_callback
 .text.uart_enable_tx
                0x08002b30       0x20 .pio/build/nucleo_g431rb/SrcWrapper/src/stm32/uart.c.o
                0x08002b30                uart_enable_tx
 .text.uart_enable_rx
                0x08002b50       0x20 .pio/build/nucleo_g431rb/SrcWrapper/src/stm32/uart.c.o
                0x08002b50                uart_enable_rx
 .text.HAL_UART_RxCpltCallback
                0x08002b70        0x8 .pio/build/nucleo_g431rb/SrcWrapper/src/stm32/uart.c.o
                0x08002b70                HAL_UART_RxCpltCallback
 .text.HAL_UART_TxCpltCallback
                0x08002b78        0x8 .pio/build/nucleo_g431rb/SrcWrapper/src/stm32/uart.c.o
                0x08002b78                HAL_UART_TxCpltCallback
 .text.HAL_UART_ErrorCallback
                0x08002b80       0x48 .pio/build/nucleo_g431rb/SrcWrapper/src/stm32/uart.c.o
                0x08002b80                HAL_UART_ErrorCallback
 .text.USART1_IRQHandler
                0x08002bc8       0x18 .pio/build/nucleo_g431rb/SrcWrapper/src/stm32/uart.c.o
                0x08002bc8                USART1_IRQHandler
 .text.USART2_IRQHandler
                0x08002be0       0x1c .pio/build/nucleo_g431rb/SrcWrapper/src/stm32/uart.c.o
                0x08002be0                USART2_IRQHandler
 .text.USART3_IRQHandler
                0x08002bfc       0x1c .pio/build/nucleo_g431rb/SrcWrapper/src/stm32/uart.c.o
                0x08002bfc                USART3_IRQHandler
 .text.UART4_IRQHandler
                0x08002c18       0x18 .pio/build/nucleo_g431rb/SrcWrapper/src/stm32/uart.c.o
                0x08002c18                UART4_IRQHandler
 .text.LPUART1_IRQHandler
                0x08002c30       0x18 .pio/build/nucleo_g431rb/SrcWrapper/src/stm32/uart.c.o
                0x08002c30                LPUART1_IRQHandler
 .text.HAL_UARTEx_WakeupCallback
                0x08002c48        0xa .pio/build/nucleo_g431rb/SrcWrapper/src/stm32/uart.c.o
                0x08002c48                HAL_UARTEx_WakeupCallback
 *fill*         0x08002c52        0x2 
 .text.TIM2_IRQHandler
                0x08002c54       0x74 .pio/build/nucleo_g431rb/src/main.cpp.o
                0x08002c54                TIM2_IRQHandler
 .text.TIM3_IRQHandler
                0x08002cc8       0x18 .pio/build/nucleo_g431rb/src/main.cpp.o
                0x08002cc8                TIM3_IRQHandler
 .text._Z7InitPwmv
                0x08002ce0       0x98 .pio/build/nucleo_g431rb/src/main.cpp.o
                0x08002ce0                InitPwm()
 .text.setup    0x08002d78       0xc8 .pio/build/nucleo_g431rb/src/main.cpp.o
                0x08002d78                setup
 .text.loop     0x08002e40       0x58 .pio/build/nucleo_g431rb/src/main.cpp.o
                0x08002e40                loop
 .text._ZN5Print5flushEv
                0x08002e98        0x2 .pio/build/nucleo_g431rb/libFrameworkArduino.a(HardwareSerial.cpp.o)
                0x08002e98                Print::flush()
 .text._ZN14HardwareSerial9availableEv
                0x08002e9a       0x10 .pio/build/nucleo_g431rb/libFrameworkArduino.a(HardwareSerial.cpp.o)
                0x08002e9a                HardwareSerial::available()
 .text._ZN14HardwareSerial4peekEv
                0x08002eaa       0x1a .pio/build/nucleo_g431rb/libFrameworkArduino.a(HardwareSerial.cpp.o)
                0x08002eaa                HardwareSerial::peek()
 .text._ZN14HardwareSerial17availableForWriteEv
                0x08002ec4       0x1c .pio/build/nucleo_g431rb/libFrameworkArduino.a(HardwareSerial.cpp.o)
                0x08002ec4                HardwareSerial::availableForWrite()
 .text._ZN14HardwareSerial5writeEh
                0x08002ee0       0x18 .pio/build/nucleo_g431rb/libFrameworkArduino.a(HardwareSerial.cpp.o)
                0x08002ee0                HardwareSerial::write(unsigned char)
 .text._ZN14HardwareSerial16_rx_complete_irqEP8serial_s
                0x08002ef8       0x38 .pio/build/nucleo_g431rb/libFrameworkArduino.a(HardwareSerial.cpp.o)
                0x08002ef8                HardwareSerial::_rx_complete_irq(serial_s*)
 .text._ZN14HardwareSerial16_tx_complete_irqEP8serial_s
                0x08002f30       0x64 .pio/build/nucleo_g431rb/libFrameworkArduino.a(HardwareSerial.cpp.o)
                0x08002f30                HardwareSerial::_tx_complete_irq(serial_s*)
 .text._ZN14HardwareSerial5writeEPKhj
                0x08002f94       0xe4 .pio/build/nucleo_g431rb/libFrameworkArduino.a(HardwareSerial.cpp.o)
                0x08002f94                HardwareSerial::write(unsigned char const*, unsigned int)
 .text._ZN14HardwareSerial5flushEm
                0x08003078       0x36 .pio/build/nucleo_g431rb/libFrameworkArduino.a(HardwareSerial.cpp.o)
                0x08003078                HardwareSerial::flush(unsigned long)
 .text._ZN14HardwareSerial4initE7PinNameS0_S0_S0_
                0x080030ae       0x32 .pio/build/nucleo_g431rb/libFrameworkArduino.a(HardwareSerial.cpp.o)
                0x080030ae                HardwareSerial::init(PinName, PinName, PinName, PinName)
 .text._ZN14HardwareSerial5setRxEm
                0x080030e0       0x48 .pio/build/nucleo_g431rb/libFrameworkArduino.a(HardwareSerial.cpp.o)
                0x080030e0                HardwareSerial::setRx(unsigned long)
 .text._ZN14HardwareSerial5setTxEm
                0x08003128       0x48 .pio/build/nucleo_g431rb/libFrameworkArduino.a(HardwareSerial.cpp.o)
                0x08003128                HardwareSerial::setTx(unsigned long)
 .text._ZN14HardwareSerialC2EPv16HalfDuplexMode_t
                0x08003170       0x9c .pio/build/nucleo_g431rb/libFrameworkArduino.a(HardwareSerial.cpp.o)
                0x08003170                HardwareSerial::HardwareSerial(void*, HalfDuplexMode_t)
                0x08003170                HardwareSerial::HardwareSerial(void*, HalfDuplexMode_t)
 .text._ZN14HardwareSerial18enableHalfDuplexRxEv
                0x0800320c       0x2e .pio/build/nucleo_g431rb/libFrameworkArduino.a(HardwareSerial.cpp.o)
                0x0800320c                HardwareSerial::enableHalfDuplexRx()
 *fill*         0x0800323a        0x2 
 .text._ZN14HardwareSerial5beginEmh
                0x0800323c       0x7c .pio/build/nucleo_g431rb/libFrameworkArduino.a(HardwareSerial.cpp.o)
                0x0800323c                HardwareSerial::begin(unsigned long, unsigned char)
 .text._ZN14HardwareSerial4readEv
                0x080032b8       0x2e .pio/build/nucleo_g431rb/libFrameworkArduino.a(HardwareSerial.cpp.o)
                0x080032b8                HardwareSerial::read()
 *fill*         0x080032e6        0x2 
 .text.startup._GLOBAL__sub_I_SerialLP1
                0x080032e8       0x14 .pio/build/nucleo_g431rb/libFrameworkArduino.a(HardwareSerial.cpp.o)
 .text._ZN5Print5writeEPKc
                0x080032fc       0x20 .pio/build/nucleo_g431rb/libFrameworkArduino.a(Print.cpp.o)
                0x080032fc                Print::write(char const*)
 .text._ZN5Print5printEPKc
                0x0800331c        0x8 .pio/build/nucleo_g431rb/libFrameworkArduino.a(Print.cpp.o)
                0x0800331c                Print::print(char const*)
 .text._ZN5Print7printlnEv
                0x08003324       0x10 .pio/build/nucleo_g431rb/libFrameworkArduino.a(Print.cpp.o)
                0x08003324                Print::println()
 .text._ZN5Print7printlnEPK19__FlashStringHelper
                0x08003334       0x14 .pio/build/nucleo_g431rb/libFrameworkArduino.a(Print.cpp.o)
                0x08003334                Print::println(__FlashStringHelper const*)
 .text._ZN5Print7printlnEPKc
                0x08003348        0x4 .pio/build/nucleo_g431rb/libFrameworkArduino.a(Print.cpp.o)
                0x08003348                Print::println(char const*)
 .text._ZN5Print11printNumberEmh
                0x0800334c       0x3c .pio/build/nucleo_g431rb/libFrameworkArduino.a(Print.cpp.o)
                0x0800334c                Print::printNumber(unsigned long, unsigned char)
 .text._ZN5Print5printEmi
                0x08003388       0x1a .pio/build/nucleo_g431rb/libFrameworkArduino.a(Print.cpp.o)
                0x08003388                Print::print(unsigned long, int)
 .text._ZN6Stream9timedReadEv
                0x080033a2       0x2a .pio/build/nucleo_g431rb/libFrameworkArduino.a(Stream.cpp.o)
                0x080033a2                Stream::timedRead()
 .text._ZN6Stream9readBytesEPcj
                0x080033cc       0x22 .pio/build/nucleo_g431rb/libFrameworkArduino.a(Stream.cpp.o)
                0x080033cc                Stream::readBytes(char*, unsigned int)
 .text._ZN6Stream14readBytesUntilEcPcj
                0x080033ee       0x30 .pio/build/nucleo_g431rb/libFrameworkArduino.a(Stream.cpp.o)
                0x080033ee                Stream::readBytesUntil(char, char*, unsigned int)
 .text.startup._Z7premainv
                0x0800341e       0x10 .pio/build/nucleo_g431rb/libFrameworkArduino.a(main.cpp.o)
                0x0800341e                premain()
 .text.startup.main
                0x0800342e       0x14 .pio/build/nucleo_g431rb/libFrameworkArduino.a(main.cpp.o)
                0x0800342e                main
 *fill*         0x08003442        0x2 
 .text.Reset_Handler
                0x08003444       0x50 .pio/build/nucleo_g431rb/libFrameworkArduino.a(startup_stm32yyxx.S.o)
                0x08003444                Reset_Handler
 .text.Default_Handler
                0x08003494        0x2 .pio/build/nucleo_g431rb/libFrameworkArduino.a(startup_stm32yyxx.S.o)
                0x08003494                RTC_Alarm_IRQHandler
                0x08003494                TIM8_TRG_COM_IRQHandler
                0x08003494                TIM8_CC_IRQHandler
                0x08003494                DebugMon_Handler
                0x08003494                TIM1_CC_IRQHandler
                0x08003494                HardFault_Handler
                0x08003494                USB_HP_IRQHandler
                0x08003494                CORDIC_IRQHandler
                0x08003494                PendSV_Handler
                0x08003494                NMI_Handler
                0x08003494                I2C3_ER_IRQHandler
                0x08003494                I2C2_EV_IRQHandler
                0x08003494                FPU_IRQHandler
                0x08003494                FDCAN1_IT1_IRQHandler
                0x08003494                TIM1_UP_TIM16_IRQHandler
                0x08003494                UsageFault_Handler
                0x08003494                ADC1_2_IRQHandler
                0x08003494                SPI1_IRQHandler
                0x08003494                TIM6_DAC_IRQHandler
                0x08003494                TIM8_UP_IRQHandler
                0x08003494                DMA2_Channel2_IRQHandler
                0x08003494                DMA1_Channel4_IRQHandler
                0x08003494                TIM4_IRQHandler
                0x08003494                DMA2_Channel1_IRQHandler
                0x08003494                I2C1_EV_IRQHandler
                0x08003494                DMA1_Channel6_IRQHandler
                0x08003494                DMA2_Channel4_IRQHandler
                0x08003494                RCC_IRQHandler
                0x08003494                DMA1_Channel1_IRQHandler
                0x08003494                Default_Handler
                0x08003494                RTC_TAMP_LSECSS_IRQHandler
                0x08003494                FMAC_IRQHandler
                0x08003494                TIM7_IRQHandler
                0x08003494                UCPD1_IRQHandler
                0x08003494                I2C3_EV_IRQHandler
                0x08003494                RTC_WKUP_IRQHandler
                0x08003494                PVD_PVM_IRQHandler
                0x08003494                SPI2_IRQHandler
                0x08003494                MemManage_Handler
                0x08003494                SVC_Handler
                0x08003494                DMA2_Channel5_IRQHandler
                0x08003494                CRS_IRQHandler
                0x08003494                DMA1_Channel5_IRQHandler
                0x08003494                USB_LP_IRQHandler
                0x08003494                RNG_IRQHandler
                0x08003494                TIM1_TRG_COM_TIM17_IRQHandler
                0x08003494                DMA1_Channel3_IRQHandler
                0x08003494                WWDG_IRQHandler
                0x08003494                DMA2_Channel6_IRQHandler
                0x08003494                FDCAN1_IT0_IRQHandler
                0x08003494                COMP1_2_3_IRQHandler
                0x08003494                I2C2_ER_IRQHandler
                0x08003494                DMA1_Channel2_IRQHandler
                0x08003494                TIM8_BRK_IRQHandler
                0x08003494                FLASH_IRQHandler
                0x08003494                BusFault_Handler
                0x08003494                SPI3_IRQHandler
                0x08003494                I2C1_ER_IRQHandler
                0x08003494                LPTIM1_IRQHandler
                0x08003494                DMAMUX_OVR_IRQHandler
                0x08003494                USBWakeUp_IRQHandler
                0x08003494                SAI1_IRQHandler
                0x08003494                DMA2_Channel3_IRQHandler
                0x08003494                COMP4_IRQHandler
                0x08003494                TIM1_BRK_TIM15_IRQHandler
 *fill*         0x08003496        0x2 
 .text.pinMode  0x08003498       0xbc .pio/build/nucleo_g431rb/libFrameworkArduino.a(wiring_digital.c.o)
                0x08003498                pinMode
 .text.digitalWrite
                0x08003554       0x70 .pio/build/nucleo_g431rb/libFrameworkArduino.a(wiring_digital.c.o)
                0x08003554                digitalWrite
 .text.digitalRead
                0x080035c4       0x68 .pio/build/nucleo_g431rb/libFrameworkArduino.a(wiring_digital.c.o)
                0x080035c4                digitalRead
 .text.millis   0x0800362c        0x4 .pio/build/nucleo_g431rb/libFrameworkArduino.a(wiring_time.c.o)
                0x0800362c                millis
 .text.delay    0x08003630       0x1c .pio/build/nucleo_g431rb/libFrameworkArduino.a(wiring_time.c.o)
                0x08003630                delay
 .text._Z14serialEventRunv
                0x0800364c       0x1c .pio/build/nucleo_g431rb/libFrameworkArduino.a(WSerial.cpp.o)
                0x0800364c                serialEventRun()
 .text.init     0x08003668        0x4 .pio/build/nucleo_g431rb/libFrameworkArduino.a(board.c.o)
                0x08003668                init
 .text.__empty  0x0800366c        0x2 .pio/build/nucleo_g431rb/libFrameworkArduino.a(hooks.c.o)
                0x0800366c                yield
 *fill*         0x0800366e        0x2 
 .text.__udivmoddi4
                0x08003670      0x2bc c:/users/user/.platformio/packages/toolchain-gccarmnoneeabi/bin/../lib/gcc/arm-none-eabi/12.3.1/thumb/v7e-m+fp/hard\libgcc.a(_udivmoddi4.o)
                0x08003670                __udivmoddi4
 .text.memset   0x0800392c       0x10 c:/users/user/.platformio/packages/toolchain-gccarmnoneeabi/bin/../lib/gcc/arm-none-eabi/12.3.1/../../../../arm-none-eabi/lib/thumb/v7e-m+fp/hard\libc_nano.a(libc_a-memset.o)
                0x0800392c                memset
 .text.__libc_init_array
                0x0800393c       0x48 c:/users/user/.platformio/packages/toolchain-gccarmnoneeabi/bin/../lib/gcc/arm-none-eabi/12.3.1/../../../../arm-none-eabi/lib/thumb/v7e-m+fp/hard\libc_nano.a(libc_a-init.o)
                0x0800393c                __libc_init_array
 .text.memcpy   0x08003984       0x1c c:/users/user/.platformio/packages/toolchain-gccarmnoneeabi/bin/../lib/gcc/arm-none-eabi/12.3.1/../../../../arm-none-eabi/lib/thumb/v7e-m+fp/hard\libc_nano.a(libc_a-memcpy-stub.o)
                0x08003984                memcpy
 *(.glue_7)
 .glue_7        0x080039a0        0x0 linker stubs
 *(.glue_7t)
 .glue_7t       0x080039a0        0x0 linker stubs
 *(.eh_frame)
 .eh_frame      0x080039a0        0x0 c:/users/user/.platformio/packages/toolchain-gccarmnoneeabi/bin/../lib/gcc/arm-none-eabi/12.3.1/thumb/v7e-m+fp/hard/crtbegin.o
 *(.init)
 .init          0x080039a0        0x4 c:/users/user/.platformio/packages/toolchain-gccarmnoneeabi/bin/../lib/gcc/arm-none-eabi/12.3.1/thumb/v7e-m+fp/hard/crti.o
                0x080039a0                _init
 .init          0x080039a4        0x8 c:/users/user/.platformio/packages/toolchain-gccarmnoneeabi/bin/../lib/gcc/arm-none-eabi/12.3.1/thumb/v7e-m+fp/hard/crtn.o
 *(.fini)
 .fini          0x080039ac        0x4 c:/users/user/.platformio/packages/toolchain-gccarmnoneeabi/bin/../lib/gcc/arm-none-eabi/12.3.1/thumb/v7e-m+fp/hard/crti.o
                0x080039ac                _fini
 .fini          0x080039b0        0x8 c:/users/user/.platformio/packages/toolchain-gccarmnoneeabi/bin/../lib/gcc/arm-none-eabi/12.3.1/thumb/v7e-m+fp/hard/crtn.o
                0x080039b8                        . = ALIGN (0x4)
                0x080039b8                        _etext = .

.vfp11_veneer   0x080039b8        0x0
 .vfp11_veneer  0x080039b8        0x0 linker stubs

.v4_bx          0x080039b8        0x0
 .v4_bx         0x080039b8        0x0 linker stubs

.iplt           0x080039b8        0x0
 .iplt          0x080039b8        0x0 c:/users/user/.platformio/packages/toolchain-gccarmnoneeabi/bin/../lib/gcc/arm-none-eabi/12.3.1/thumb/v7e-m+fp/hard/crtbegin.o

.rodata         0x080039b8      0x434
                0x080039b8                        . = ALIGN (0x4)
 *(.rodata)
 *(.rodata*)
 .rodata.PinMap_UART_CTS
                0x080039b8       0x60 .pio/build/nucleo_g431rb/FrameworkArduinoVariant/PeripheralPins.c.o
                0x080039b8                PinMap_UART_CTS
 .rodata.PinMap_UART_RTS
                0x08003a18       0x54 .pio/build/nucleo_g431rb/FrameworkArduinoVariant/PeripheralPins.c.o
                0x08003a18                PinMap_UART_RTS
 .rodata.PinMap_UART_RX
                0x08003a6c       0xa8 .pio/build/nucleo_g431rb/FrameworkArduinoVariant/PeripheralPins.c.o
                0x08003a6c                PinMap_UART_RX
 .rodata.PinMap_UART_TX
                0x08003b14       0xa8 .pio/build/nucleo_g431rb/FrameworkArduinoVariant/PeripheralPins.c.o
                0x08003b14                PinMap_UART_TX
 .rodata.PinMap_DAC
                0x08003bbc       0x24 .pio/build/nucleo_g431rb/FrameworkArduinoVariant/PeripheralPins.c.o
                0x08003bbc                PinMap_DAC
 .rodata.analogInputPin
                0x08003be0       0x5c .pio/build/nucleo_g431rb/FrameworkArduinoVariant/variant_NUCLEO_G431RB.cpp.o
                0x08003be0                analogInputPin
 .rodata.digitalPin
                0x08003c3c       0xcc .pio/build/nucleo_g431rb/FrameworkArduinoVariant/variant_NUCLEO_G431RB.cpp.o
                0x08003c3c                digitalPin
 .rodata.UARTPrescTable
                0x08003d08       0x18 .pio/build/nucleo_g431rb/SrcWrapper/src/HAL/stm32yyxx_hal_uart.c.o
                0x08003d08                UARTPrescTable
 .rodata.pin_map_ll
                0x08003d20       0x40 .pio/build/nucleo_g431rb/SrcWrapper/src/stm32/pinmap.c.o
                0x08003d20                pin_map_ll
 .rodata.APBPrescTable
                0x08003d60        0x8 .pio/build/nucleo_g431rb/SrcWrapper/src/stm32/system_stm32yyxx.c.o
                0x08003d60                APBPrescTable
 .rodata.AHBPrescTable
                0x08003d68       0x10 .pio/build/nucleo_g431rb/SrcWrapper/src/stm32/system_stm32yyxx.c.o
                0x08003d68                AHBPrescTable
 .rodata.setup.str1.1
                0x08003d78        0x9 .pio/build/nucleo_g431rb/src/main.cpp.o
 .rodata.loop.str1.1
                0x08003d81       0x20 .pio/build/nucleo_g431rb/src/main.cpp.o
 *fill*         0x08003da1        0x3 
 .rodata.CSWTCH.73
                0x08003da4        0xc .pio/build/nucleo_g431rb/libFrameworkArduino.a(HardwareSerial.cpp.o)
 .rodata.CSWTCH.72
                0x08003db0        0x5 .pio/build/nucleo_g431rb/libFrameworkArduino.a(HardwareSerial.cpp.o)
 *fill*         0x08003db5        0x3 
 .rodata._ZTV14HardwareSerial
                0x08003db8       0x30 .pio/build/nucleo_g431rb/libFrameworkArduino.a(HardwareSerial.cpp.o)
                0x08003db8                vtable for HardwareSerial
 .rodata._ZN5Print7printlnEv.str1.1
                0x08003de8        0x3 .pio/build/nucleo_g431rb/libFrameworkArduino.a(Print.cpp.o)
                0x08003dec                        . = ALIGN (0x4)
 *fill*         0x08003deb        0x1 

.ARM.extab      0x08003dec        0x0
                0x08003dec                        . = ALIGN (0x4)
 *(.ARM.extab* .gnu.linkonce.armextab.*)
                0x08003dec                        . = ALIGN (0x4)

.ARM            0x08003dec        0x8
                0x08003dec                        . = ALIGN (0x4)
                0x08003dec                        __exidx_start = .
 *(.ARM.exidx*)
 .ARM.exidx     0x08003dec        0x8 c:/users/user/.platformio/packages/toolchain-gccarmnoneeabi/bin/../lib/gcc/arm-none-eabi/12.3.1/../../../../arm-none-eabi/lib/thumb/v7e-m+fp/hard\libc_nano.a(libc_a-strlen.o)
 .ARM.exidx.text.__udivmoddi4
                0x08003df4        0x0 c:/users/user/.platformio/packages/toolchain-gccarmnoneeabi/bin/../lib/gcc/arm-none-eabi/12.3.1/thumb/v7e-m+fp/hard\libgcc.a(_udivmoddi4.o)
                                  0x8 (size before relaxing)
                0x08003df4                        __exidx_end = .
                0x08003df4                        . = ALIGN (0x4)

.rel.dyn        0x08003df4        0x0
 .rel.iplt      0x08003df4        0x0 c:/users/user/.platformio/packages/toolchain-gccarmnoneeabi/bin/../lib/gcc/arm-none-eabi/12.3.1/thumb/v7e-m+fp/hard/crtbegin.o

.preinit_array  0x08003df4        0x0
                0x08003df4                        . = ALIGN (0x4)
                0x08003df4                        PROVIDE (__preinit_array_start = .)
 *(.preinit_array*)
                0x08003df4                        PROVIDE (__preinit_array_end = .)
                0x08003df4                        . = ALIGN (0x4)

.init_array     0x08003df4       0x10
                0x08003df4                        . = ALIGN (0x4)
                0x08003df4                        PROVIDE (__init_array_start = .)
 *(SORT_BY_NAME(.init_array.*))
 .init_array.00101
                0x08003df4        0x4 .pio/build/nucleo_g431rb/libFrameworkArduino.a(main.cpp.o)
 *(.init_array*)
 .init_array    0x08003df8        0x4 c:/users/user/.platformio/packages/toolchain-gccarmnoneeabi/bin/../lib/gcc/arm-none-eabi/12.3.1/thumb/v7e-m+fp/hard/crtbegin.o
 .init_array    0x08003dfc        0x4 .pio/build/nucleo_g431rb/SrcWrapper/src/stm32/interrupt.cpp.o
 .init_array    0x08003e00        0x4 .pio/build/nucleo_g431rb/libFrameworkArduino.a(HardwareSerial.cpp.o)
                0x08003e04                        PROVIDE (__init_array_end = .)
                0x08003e04                        . = ALIGN (0x4)

.fini_array     0x08003e04        0x8
                0x08003e04                        . = ALIGN (0x4)
                0x08003e04                        PROVIDE (__fini_array_start = .)
 *(SORT_BY_NAME(.fini_array.*))
 *(.fini_array*)
 .fini_array    0x08003e04        0x4 c:/users/user/.platformio/packages/toolchain-gccarmnoneeabi/bin/../lib/gcc/arm-none-eabi/12.3.1/thumb/v7e-m+fp/hard/crtbegin.o
 .fini_array    0x08003e08        0x4 .pio/build/nucleo_g431rb/SrcWrapper/src/stm32/interrupt.cpp.o
                0x08003e0c                        PROVIDE (__fini_array_end = .)
                0x08003e0c                        . = ALIGN (0x4)
                0x08003e0c                        _sidata = LOADADDR (.data)

.data           0x20000000       0x50 load address 0x08003e0c
                0x20000000                        . = ALIGN (0x4)
                0x20000000                        _sdata = .
 *(.data)
 *(.data*)
 .data.uwTickFreq
                0x20000000        0x4 .pio/build/nucleo_g431rb/SrcWrapper/src/HAL/stm32yyxx_hal.c.o
                0x20000000                uwTickFreq
 .data.uwTickPrio
                0x20000004        0x4 .pio/build/nucleo_g431rb/SrcWrapper/src/HAL/stm32yyxx_hal.c.o
                0x20000004                uwTickPrio
 .data.GPIOPort
                0x20000008       0x1c .pio/build/nucleo_g431rb/SrcWrapper/src/stm32/PortNames.c.o
                0x20000008                GPIOPort
 .data.hcrc     0x20000024       0x24 .pio/build/nucleo_g431rb/SrcWrapper/src/stm32/hw_config.c.o
                0x20000024                hcrc
 .data.SystemCoreClock
                0x20000048        0x4 .pio/build/nucleo_g431rb/SrcWrapper/src/stm32/system_stm32yyxx.c.o
                0x20000048                SystemCoreClock
 .data.risingEdge
                0x2000004c        0x1 .pio/build/nucleo_g431rb/src/main.cpp.o
                0x2000004c                risingEdge
 *(.RamFunc)
 *(.RamFunc*)
                0x20000050                        . = ALIGN (0x4)
 *fill*         0x2000004d        0x3 
                0x20000050                        _edata = .

.igot.plt       0x20000050        0x0 load address 0x08003e5c
 .igot.plt      0x20000050        0x0 c:/users/user/.platformio/packages/toolchain-gccarmnoneeabi/bin/../lib/gcc/arm-none-eabi/12.3.1/thumb/v7e-m+fp/hard/crtbegin.o
                0x20000050                        . = ALIGN (0x4)

.bss            0x20000050      0x2fc load address 0x08003e5c
                0x20000050                        _sbss = .
                0x20000050                        __bss_start__ = _sbss
 *(.bss)
 *(.bss*)
 .bss.completed.1
                0x20000050        0x1 c:/users/user/.platformio/packages/toolchain-gccarmnoneeabi/bin/../lib/gcc/arm-none-eabi/12.3.1/thumb/v7e-m+fp/hard/crtbegin.o
 *fill*         0x20000051        0x3 
 .bss.object.0  0x20000054       0x18 c:/users/user/.platformio/packages/toolchain-gccarmnoneeabi/bin/../lib/gcc/arm-none-eabi/12.3.1/thumb/v7e-m+fp/hard/crtbegin.o
 .bss.uwTick    0x2000006c        0x4 .pio/build/nucleo_g431rb/SrcWrapper/src/HAL/stm32yyxx_hal.c.o
                0x2000006c                uwTick
 .bss._ZL13gpio_irq_conf
                0x20000070      0x140 .pio/build/nucleo_g431rb/SrcWrapper/src/stm32/interrupt.cpp.o
 .bss.uart_handlers
                0x200001b0       0x14 .pio/build/nucleo_g431rb/SrcWrapper/src/stm32/uart.c.o
 .bss.lowTime   0x200001c4        0x4 .pio/build/nucleo_g431rb/src/main.cpp.o
                0x200001c4                lowTime
 .bss.highTime  0x200001c8        0x4 .pio/build/nucleo_g431rb/src/main.cpp.o
                0x200001c8                highTime
 .bss.lastCapture
                0x200001cc        0x4 .pio/build/nucleo_g431rb/src/main.cpp.o
                0x200001cc                lastCapture
 .bss.SerialLP1
                0x200001d0      0x160 .pio/build/nucleo_g431rb/libFrameworkArduino.a(HardwareSerial.cpp.o)
                0x200001d0                SerialLP1
 .bss.g_anOutputPinConfigured
                0x20000330       0x1c .pio/build/nucleo_g431rb/libFrameworkArduino.a(wiring_analog.c.o)
                0x20000330                g_anOutputPinConfigured
 *(COMMON)
                0x2000034c                        . = ALIGN (0x4)
                0x2000034c                        _ebss = .
                0x2000034c                        __bss_end__ = _ebss
LOAD c:/users/user/.platformio/packages/toolchain-gccarmnoneeabi/bin/../lib/gcc/arm-none-eabi/12.3.1/thumb/v7e-m+fp/hard/crti.o
LOAD c:/users/user/.platformio/packages/toolchain-gccarmnoneeabi/bin/../lib/gcc/arm-none-eabi/12.3.1/thumb/v7e-m+fp/hard/crtbegin.o
LOAD c:/users/user/.platformio/packages/toolchain-gccarmnoneeabi/bin/../lib/gcc/arm-none-eabi/12.3.1/../../../../arm-none-eabi/lib/thumb/v7e-m+fp/hard/crt0.o
                0x00020000                        LD_MAX_SIZE = 0x20000
                0x00008000                        LD_MAX_DATA_SIZE = 0x8000
                0x00000000                        LD_FLASH_OFFSET = 0x0
LOAD .pio/build/nucleo_g431rb/FrameworkArduinoVariant/PeripheralPins.c.o
LOAD .pio/build/nucleo_g431rb/FrameworkArduinoVariant/generic_clock.c.o
LOAD .pio/build/nucleo_g431rb/FrameworkArduinoVariant/variant_NUCLEO_G431RB.cpp.o
LOAD .pio/build/nucleo_g431rb/FrameworkArduinoVariant/variant_generic.cpp.o
LOAD .pio/build/nucleo_g431rb/SrcWrapper/src/HAL/stm32yyxx_hal.c.o
LOAD .pio/build/nucleo_g431rb/SrcWrapper/src/HAL/stm32yyxx_hal_adc.c.o
LOAD .pio/build/nucleo_g431rb/SrcWrapper/src/HAL/stm32yyxx_hal_adc_ex.c.o
LOAD .pio/build/nucleo_g431rb/SrcWrapper/src/HAL/stm32yyxx_hal_can.c.o
LOAD .pio/build/nucleo_g431rb/SrcWrapper/src/HAL/stm32yyxx_hal_cec.c.o
LOAD .pio/build/nucleo_g431rb/SrcWrapper/src/HAL/stm32yyxx_hal_comp.c.o
LOAD .pio/build/nucleo_g431rb/SrcWrapper/src/HAL/stm32yyxx_hal_comp_ex.c.o
LOAD .pio/build/nucleo_g431rb/SrcWrapper/src/HAL/stm32yyxx_hal_cordic.c.o
LOAD .pio/build/nucleo_g431rb/SrcWrapper/src/HAL/stm32yyxx_hal_cortex.c.o
LOAD .pio/build/nucleo_g431rb/SrcWrapper/src/HAL/stm32yyxx_hal_crc.c.o
LOAD .pio/build/nucleo_g431rb/SrcWrapper/src/HAL/stm32yyxx_hal_crc_ex.c.o
LOAD .pio/build/nucleo_g431rb/SrcWrapper/src/HAL/stm32yyxx_hal_cryp.c.o
LOAD .pio/build/nucleo_g431rb/SrcWrapper/src/HAL/stm32yyxx_hal_cryp_ex.c.o
LOAD .pio/build/nucleo_g431rb/SrcWrapper/src/HAL/stm32yyxx_hal_dac.c.o
LOAD .pio/build/nucleo_g431rb/SrcWrapper/src/HAL/stm32yyxx_hal_dac_ex.c.o
LOAD .pio/build/nucleo_g431rb/SrcWrapper/src/HAL/stm32yyxx_hal_dcache.c.o
LOAD .pio/build/nucleo_g431rb/SrcWrapper/src/HAL/stm32yyxx_hal_dcmi.c.o
LOAD .pio/build/nucleo_g431rb/SrcWrapper/src/HAL/stm32yyxx_hal_dcmi_ex.c.o
LOAD .pio/build/nucleo_g431rb/SrcWrapper/src/HAL/stm32yyxx_hal_dfsdm.c.o
LOAD .pio/build/nucleo_g431rb/SrcWrapper/src/HAL/stm32yyxx_hal_dfsdm_ex.c.o
LOAD .pio/build/nucleo_g431rb/SrcWrapper/src/HAL/stm32yyxx_hal_dma.c.o
LOAD .pio/build/nucleo_g431rb/SrcWrapper/src/HAL/stm32yyxx_hal_dma2d.c.o
LOAD .pio/build/nucleo_g431rb/SrcWrapper/src/HAL/stm32yyxx_hal_dma_ex.c.o
LOAD .pio/build/nucleo_g431rb/SrcWrapper/src/HAL/stm32yyxx_hal_dsi.c.o
LOAD .pio/build/nucleo_g431rb/SrcWrapper/src/HAL/stm32yyxx_hal_dts.c.o
LOAD .pio/build/nucleo_g431rb/SrcWrapper/src/HAL/stm32yyxx_hal_eth.c.o
LOAD .pio/build/nucleo_g431rb/SrcWrapper/src/HAL/stm32yyxx_hal_eth_ex.c.o
LOAD .pio/build/nucleo_g431rb/SrcWrapper/src/HAL/stm32yyxx_hal_exti.c.o
LOAD .pio/build/nucleo_g431rb/SrcWrapper/src/HAL/stm32yyxx_hal_fdcan.c.o
LOAD .pio/build/nucleo_g431rb/SrcWrapper/src/HAL/stm32yyxx_hal_firewall.c.o
LOAD .pio/build/nucleo_g431rb/SrcWrapper/src/HAL/stm32yyxx_hal_flash.c.o
LOAD .pio/build/nucleo_g431rb/SrcWrapper/src/HAL/stm32yyxx_hal_flash_ex.c.o
LOAD .pio/build/nucleo_g431rb/SrcWrapper/src/HAL/stm32yyxx_hal_flash_ramfunc.c.o
LOAD .pio/build/nucleo_g431rb/SrcWrapper/src/HAL/stm32yyxx_hal_fmac.c.o
LOAD .pio/build/nucleo_g431rb/SrcWrapper/src/HAL/stm32yyxx_hal_fmpi2c.c.o
LOAD .pio/build/nucleo_g431rb/SrcWrapper/src/HAL/stm32yyxx_hal_fmpi2c_ex.c.o
LOAD .pio/build/nucleo_g431rb/SrcWrapper/src/HAL/stm32yyxx_hal_fmpsmbus.c.o
LOAD .pio/build/nucleo_g431rb/SrcWrapper/src/HAL/stm32yyxx_hal_fmpsmbus_ex.c.o
LOAD .pio/build/nucleo_g431rb/SrcWrapper/src/HAL/stm32yyxx_hal_gfxmmu.c.o
LOAD .pio/build/nucleo_g431rb/SrcWrapper/src/HAL/stm32yyxx_hal_gfxtim.c.o
LOAD .pio/build/nucleo_g431rb/SrcWrapper/src/HAL/stm32yyxx_hal_gpio.c.o
LOAD .pio/build/nucleo_g431rb/SrcWrapper/src/HAL/stm32yyxx_hal_gpio_ex.c.o
LOAD .pio/build/nucleo_g431rb/SrcWrapper/src/HAL/stm32yyxx_hal_gpu2d.c.o
LOAD .pio/build/nucleo_g431rb/SrcWrapper/src/HAL/stm32yyxx_hal_gtzc.c.o
LOAD .pio/build/nucleo_g431rb/SrcWrapper/src/HAL/stm32yyxx_hal_hash.c.o
LOAD .pio/build/nucleo_g431rb/SrcWrapper/src/HAL/stm32yyxx_hal_hash_ex.c.o
LOAD .pio/build/nucleo_g431rb/SrcWrapper/src/HAL/stm32yyxx_hal_hcd.c.o
LOAD .pio/build/nucleo_g431rb/SrcWrapper/src/HAL/stm32yyxx_hal_hrtim.c.o
LOAD .pio/build/nucleo_g431rb/SrcWrapper/src/HAL/stm32yyxx_hal_hsem.c.o
LOAD .pio/build/nucleo_g431rb/SrcWrapper/src/HAL/stm32yyxx_hal_i2c.c.o
LOAD .pio/build/nucleo_g431rb/SrcWrapper/src/HAL/stm32yyxx_hal_i2c_ex.c.o
LOAD .pio/build/nucleo_g431rb/SrcWrapper/src/HAL/stm32yyxx_hal_i2s.c.o
LOAD .pio/build/nucleo_g431rb/SrcWrapper/src/HAL/stm32yyxx_hal_i2s_ex.c.o
LOAD .pio/build/nucleo_g431rb/SrcWrapper/src/HAL/stm32yyxx_hal_i3c.c.o
LOAD .pio/build/nucleo_g431rb/SrcWrapper/src/HAL/stm32yyxx_hal_icache.c.o
LOAD .pio/build/nucleo_g431rb/SrcWrapper/src/HAL/stm32yyxx_hal_ipcc.c.o
LOAD .pio/build/nucleo_g431rb/SrcWrapper/src/HAL/stm32yyxx_hal_irda.c.o
LOAD .pio/build/nucleo_g431rb/SrcWrapper/src/HAL/stm32yyxx_hal_iwdg.c.o
LOAD .pio/build/nucleo_g431rb/SrcWrapper/src/HAL/stm32yyxx_hal_jpeg.c.o
LOAD .pio/build/nucleo_g431rb/SrcWrapper/src/HAL/stm32yyxx_hal_lcd.c.o
LOAD .pio/build/nucleo_g431rb/SrcWrapper/src/HAL/stm32yyxx_hal_lptim.c.o
LOAD .pio/build/nucleo_g431rb/SrcWrapper/src/HAL/stm32yyxx_hal_ltdc.c.o
LOAD .pio/build/nucleo_g431rb/SrcWrapper/src/HAL/stm32yyxx_hal_ltdc_ex.c.o
LOAD .pio/build/nucleo_g431rb/SrcWrapper/src/HAL/stm32yyxx_hal_mdf.c.o
LOAD .pio/build/nucleo_g431rb/SrcWrapper/src/HAL/stm32yyxx_hal_mdios.c.o
LOAD .pio/build/nucleo_g431rb/SrcWrapper/src/HAL/stm32yyxx_hal_mdma.c.o
LOAD .pio/build/nucleo_g431rb/SrcWrapper/src/HAL/stm32yyxx_hal_mmc.c.o
LOAD .pio/build/nucleo_g431rb/SrcWrapper/src/HAL/stm32yyxx_hal_mmc_ex.c.o
LOAD .pio/build/nucleo_g431rb/SrcWrapper/src/HAL/stm32yyxx_hal_nand.c.o
LOAD .pio/build/nucleo_g431rb/SrcWrapper/src/HAL/stm32yyxx_hal_nor.c.o
LOAD .pio/build/nucleo_g431rb/SrcWrapper/src/HAL/stm32yyxx_hal_opamp.c.o
LOAD .pio/build/nucleo_g431rb/SrcWrapper/src/HAL/stm32yyxx_hal_opamp_ex.c.o
LOAD .pio/build/nucleo_g431rb/SrcWrapper/src/HAL/stm32yyxx_hal_ospi.c.o
LOAD .pio/build/nucleo_g431rb/SrcWrapper/src/HAL/stm32yyxx_hal_otfdec.c.o
LOAD .pio/build/nucleo_g431rb/SrcWrapper/src/HAL/stm32yyxx_hal_pccard.c.o
LOAD .pio/build/nucleo_g431rb/SrcWrapper/src/HAL/stm32yyxx_hal_pcd.c.o
LOAD .pio/build/nucleo_g431rb/SrcWrapper/src/HAL/stm32yyxx_hal_pcd_ex.c.o
LOAD .pio/build/nucleo_g431rb/SrcWrapper/src/HAL/stm32yyxx_hal_pka.c.o
LOAD .pio/build/nucleo_g431rb/SrcWrapper/src/HAL/stm32yyxx_hal_pssi.c.o
LOAD .pio/build/nucleo_g431rb/SrcWrapper/src/HAL/stm32yyxx_hal_pwr.c.o
LOAD .pio/build/nucleo_g431rb/SrcWrapper/src/HAL/stm32yyxx_hal_pwr_ex.c.o
LOAD .pio/build/nucleo_g431rb/SrcWrapper/src/HAL/stm32yyxx_hal_qspi.c.o
LOAD .pio/build/nucleo_g431rb/SrcWrapper/src/HAL/stm32yyxx_hal_ramcfg.c.o
LOAD .pio/build/nucleo_g431rb/SrcWrapper/src/HAL/stm32yyxx_hal_ramecc.c.o
LOAD .pio/build/nucleo_g431rb/SrcWrapper/src/HAL/stm32yyxx_hal_rcc.c.o
LOAD .pio/build/nucleo_g431rb/SrcWrapper/src/HAL/stm32yyxx_hal_rcc_ex.c.o
LOAD .pio/build/nucleo_g431rb/SrcWrapper/src/HAL/stm32yyxx_hal_rng.c.o
LOAD .pio/build/nucleo_g431rb/SrcWrapper/src/HAL/stm32yyxx_hal_rng_ex.c.o
LOAD .pio/build/nucleo_g431rb/SrcWrapper/src/HAL/stm32yyxx_hal_rtc.c.o
LOAD .pio/build/nucleo_g431rb/SrcWrapper/src/HAL/stm32yyxx_hal_rtc_ex.c.o
LOAD .pio/build/nucleo_g431rb/SrcWrapper/src/HAL/stm32yyxx_hal_sai.c.o
LOAD .pio/build/nucleo_g431rb/SrcWrapper/src/HAL/stm32yyxx_hal_sai_ex.c.o
LOAD .pio/build/nucleo_g431rb/SrcWrapper/src/HAL/stm32yyxx_hal_sd.c.o
LOAD .pio/build/nucleo_g431rb/SrcWrapper/src/HAL/stm32yyxx_hal_sd_ex.c.o
LOAD .pio/build/nucleo_g431rb/SrcWrapper/src/HAL/stm32yyxx_hal_sdadc.c.o
LOAD .pio/build/nucleo_g431rb/SrcWrapper/src/HAL/stm32yyxx_hal_sdram.c.o
LOAD .pio/build/nucleo_g431rb/SrcWrapper/src/HAL/stm32yyxx_hal_smartcard.c.o
LOAD .pio/build/nucleo_g431rb/SrcWrapper/src/HAL/stm32yyxx_hal_smartcard_ex.c.o
LOAD .pio/build/nucleo_g431rb/SrcWrapper/src/HAL/stm32yyxx_hal_smbus.c.o
LOAD .pio/build/nucleo_g431rb/SrcWrapper/src/HAL/stm32yyxx_hal_smbus_ex.c.o
LOAD .pio/build/nucleo_g431rb/SrcWrapper/src/HAL/stm32yyxx_hal_spdifrx.c.o
LOAD .pio/build/nucleo_g431rb/SrcWrapper/src/HAL/stm32yyxx_hal_spi.c.o
LOAD .pio/build/nucleo_g431rb/SrcWrapper/src/HAL/stm32yyxx_hal_spi_ex.c.o
LOAD .pio/build/nucleo_g431rb/SrcWrapper/src/HAL/stm32yyxx_hal_sram.c.o
LOAD .pio/build/nucleo_g431rb/SrcWrapper/src/HAL/stm32yyxx_hal_subghz.c.o
LOAD .pio/build/nucleo_g431rb/SrcWrapper/src/HAL/stm32yyxx_hal_swpmi.c.o
LOAD .pio/build/nucleo_g431rb/SrcWrapper/src/HAL/stm32yyxx_hal_tim.c.o
LOAD .pio/build/nucleo_g431rb/SrcWrapper/src/HAL/stm32yyxx_hal_tim_ex.c.o
LOAD .pio/build/nucleo_g431rb/SrcWrapper/src/HAL/stm32yyxx_hal_tsc.c.o
LOAD .pio/build/nucleo_g431rb/SrcWrapper/src/HAL/stm32yyxx_hal_uart.c.o
LOAD .pio/build/nucleo_g431rb/SrcWrapper/src/HAL/stm32yyxx_hal_uart_ex.c.o
LOAD .pio/build/nucleo_g431rb/SrcWrapper/src/HAL/stm32yyxx_hal_usart.c.o
LOAD .pio/build/nucleo_g431rb/SrcWrapper/src/HAL/stm32yyxx_hal_usart_ex.c.o
LOAD .pio/build/nucleo_g431rb/SrcWrapper/src/HAL/stm32yyxx_hal_wwdg.c.o
LOAD .pio/build/nucleo_g431rb/SrcWrapper/src/HAL/stm32yyxx_hal_xspi.c.o
LOAD .pio/build/nucleo_g431rb/SrcWrapper/src/HardwareTimer.cpp.o
LOAD .pio/build/nucleo_g431rb/SrcWrapper/src/LL/stm32yyxx_ll_adc.c.o
LOAD .pio/build/nucleo_g431rb/SrcWrapper/src/LL/stm32yyxx_ll_bdma.c.o
LOAD .pio/build/nucleo_g431rb/SrcWrapper/src/LL/stm32yyxx_ll_comp.c.o
LOAD .pio/build/nucleo_g431rb/SrcWrapper/src/LL/stm32yyxx_ll_cordic.c.o
LOAD .pio/build/nucleo_g431rb/SrcWrapper/src/LL/stm32yyxx_ll_crc.c.o
LOAD .pio/build/nucleo_g431rb/SrcWrapper/src/LL/stm32yyxx_ll_crs.c.o
LOAD .pio/build/nucleo_g431rb/SrcWrapper/src/LL/stm32yyxx_ll_dac.c.o
LOAD .pio/build/nucleo_g431rb/SrcWrapper/src/LL/stm32yyxx_ll_delayblock.c.o
LOAD .pio/build/nucleo_g431rb/SrcWrapper/src/LL/stm32yyxx_ll_dlyb.c.o
LOAD .pio/build/nucleo_g431rb/SrcWrapper/src/LL/stm32yyxx_ll_dma.c.o
LOAD .pio/build/nucleo_g431rb/SrcWrapper/src/LL/stm32yyxx_ll_dma2d.c.o
LOAD .pio/build/nucleo_g431rb/SrcWrapper/src/LL/stm32yyxx_ll_exti.c.o
LOAD .pio/build/nucleo_g431rb/SrcWrapper/src/LL/stm32yyxx_ll_fmac.c.o
LOAD .pio/build/nucleo_g431rb/SrcWrapper/src/LL/stm32yyxx_ll_fmc.c.o
LOAD .pio/build/nucleo_g431rb/SrcWrapper/src/LL/stm32yyxx_ll_fmpi2c.c.o
LOAD .pio/build/nucleo_g431rb/SrcWrapper/src/LL/stm32yyxx_ll_fsmc.c.o
LOAD .pio/build/nucleo_g431rb/SrcWrapper/src/LL/stm32yyxx_ll_gpio.c.o
LOAD .pio/build/nucleo_g431rb/SrcWrapper/src/LL/stm32yyxx_ll_hrtim.c.o
LOAD .pio/build/nucleo_g431rb/SrcWrapper/src/LL/stm32yyxx_ll_i2c.c.o
LOAD .pio/build/nucleo_g431rb/SrcWrapper/src/LL/stm32yyxx_ll_i3c.c.o
LOAD .pio/build/nucleo_g431rb/SrcWrapper/src/LL/stm32yyxx_ll_icache.c.o
LOAD .pio/build/nucleo_g431rb/SrcWrapper/src/LL/stm32yyxx_ll_lpgpio.c.o
LOAD .pio/build/nucleo_g431rb/SrcWrapper/src/LL/stm32yyxx_ll_lptim.c.o
LOAD .pio/build/nucleo_g431rb/SrcWrapper/src/LL/stm32yyxx_ll_lpuart.c.o
LOAD .pio/build/nucleo_g431rb/SrcWrapper/src/LL/stm32yyxx_ll_mdma.c.o
LOAD .pio/build/nucleo_g431rb/SrcWrapper/src/LL/stm32yyxx_ll_opamp.c.o
LOAD .pio/build/nucleo_g431rb/SrcWrapper/src/LL/stm32yyxx_ll_pka.c.o
LOAD .pio/build/nucleo_g431rb/SrcWrapper/src/LL/stm32yyxx_ll_pwr.c.o
LOAD .pio/build/nucleo_g431rb/SrcWrapper/src/LL/stm32yyxx_ll_rcc.c.o
LOAD .pio/build/nucleo_g431rb/SrcWrapper/src/LL/stm32yyxx_ll_rng.c.o
LOAD .pio/build/nucleo_g431rb/SrcWrapper/src/LL/stm32yyxx_ll_rtc.c.o
LOAD .pio/build/nucleo_g431rb/SrcWrapper/src/LL/stm32yyxx_ll_sdmmc.c.o
LOAD .pio/build/nucleo_g431rb/SrcWrapper/src/LL/stm32yyxx_ll_spi.c.o
LOAD .pio/build/nucleo_g431rb/SrcWrapper/src/LL/stm32yyxx_ll_swpmi.c.o
LOAD .pio/build/nucleo_g431rb/SrcWrapper/src/LL/stm32yyxx_ll_tim.c.o
LOAD .pio/build/nucleo_g431rb/SrcWrapper/src/LL/stm32yyxx_ll_ucpd.c.o
LOAD .pio/build/nucleo_g431rb/SrcWrapper/src/LL/stm32yyxx_ll_usart.c.o
LOAD .pio/build/nucleo_g431rb/SrcWrapper/src/LL/stm32yyxx_ll_usb.c.o
LOAD .pio/build/nucleo_g431rb/SrcWrapper/src/LL/stm32yyxx_ll_utils.c.o
LOAD .pio/build/nucleo_g431rb/SrcWrapper/src/new.cpp.o
LOAD .pio/build/nucleo_g431rb/SrcWrapper/src/stm32/PortNames.c.o
LOAD .pio/build/nucleo_g431rb/SrcWrapper/src/stm32/analog.cpp.o
LOAD .pio/build/nucleo_g431rb/SrcWrapper/src/stm32/bootloader.c.o
LOAD .pio/build/nucleo_g431rb/SrcWrapper/src/stm32/clock.c.o
LOAD .pio/build/nucleo_g431rb/SrcWrapper/src/stm32/core_callback.c.o
LOAD .pio/build/nucleo_g431rb/SrcWrapper/src/stm32/dwt.c.o
LOAD .pio/build/nucleo_g431rb/SrcWrapper/src/stm32/hw_config.c.o
LOAD .pio/build/nucleo_g431rb/SrcWrapper/src/stm32/interrupt.cpp.o
LOAD .pio/build/nucleo_g431rb/SrcWrapper/src/stm32/otp.c.o
LOAD .pio/build/nucleo_g431rb/SrcWrapper/src/stm32/pinmap.c.o
LOAD .pio/build/nucleo_g431rb/SrcWrapper/src/stm32/stm32_def.c.o
LOAD .pio/build/nucleo_g431rb/SrcWrapper/src/stm32/system_stm32yyxx.c.o
LOAD .pio/build/nucleo_g431rb/SrcWrapper/src/stm32/timer.c.o
LOAD .pio/build/nucleo_g431rb/SrcWrapper/src/stm32/uart.c.o
LOAD .pio/build/nucleo_g431rb/SrcWrapper/src/syscalls.c.o
LOAD .pio/build/nucleo_g431rb/src/main.cpp.o
START GROUP
LOAD .pio/build/nucleo_g431rb/libFrameworkArduino.a
LOAD c:/users/user/.platformio/packages/toolchain-gccarmnoneeabi/bin/../lib/gcc/arm-none-eabi/12.3.1/thumb/v7e-m+fp/hard\libgcc.a
LOAD c:/users/user/.platformio/packages/toolchain-gccarmnoneeabi/bin/../lib/gcc/arm-none-eabi/12.3.1/../../../../arm-none-eabi/lib/thumb/v7e-m+fp/hard\libstdc++_nano.a
END GROUP
LOAD c:/users/user/.platformio/packages/toolchain-gccarmnoneeabi/bin/../lib/gcc/arm-none-eabi/12.3.1/../../../../arm-none-eabi/lib/thumb/v7e-m+fp/hard\libstdc++_nano.a
LOAD c:/users/user/.platformio/packages/toolchain-gccarmnoneeabi/bin/../lib/gcc/arm-none-eabi/12.3.1/../../../../arm-none-eabi/lib/thumb/v7e-m+fp/hard\libm.a
LOAD c:/users/user/.platformio/packages/toolchain-gccarmnoneeabi/bin/../lib/gcc/arm-none-eabi/12.3.1/../../../../arm-none-eabi/lib/thumb/v7e-m+fp/hard\libc_nano.a
START GROUP
LOAD c:/users/user/.platformio/packages/toolchain-gccarmnoneeabi/bin/../lib/gcc/arm-none-eabi/12.3.1/thumb/v7e-m+fp/hard\libgcc.a
LOAD c:/users/user/.platformio/packages/toolchain-gccarmnoneeabi/bin/../lib/gcc/arm-none-eabi/12.3.1/../../../../arm-none-eabi/lib/thumb/v7e-m+fp/hard\libc_nano.a
END GROUP
START GROUP
LOAD c:/users/user/.platformio/packages/toolchain-gccarmnoneeabi/bin/../lib/gcc/arm-none-eabi/12.3.1/thumb/v7e-m+fp/hard\libgcc.a
LOAD c:/users/user/.platformio/packages/toolchain-gccarmnoneeabi/bin/../lib/gcc/arm-none-eabi/12.3.1/../../../../arm-none-eabi/lib/thumb/v7e-m+fp/hard\libc_nano.a
END GROUP
LOAD c:/users/user/.platformio/packages/toolchain-gccarmnoneeabi/bin/../lib/gcc/arm-none-eabi/12.3.1/thumb/v7e-m+fp/hard/crtend.o
LOAD c:/users/user/.platformio/packages/toolchain-gccarmnoneeabi/bin/../lib/gcc/arm-none-eabi/12.3.1/thumb/v7e-m+fp/hard/crtn.o

.noinit         0x2000034c        0x0
                0x2000034c                        . = ALIGN (0x4)
                0x2000034c                        _snoinit = .
 *(.noinit)
 *(.noinit*)
                0x2000034c                        . = ALIGN (0x4)
                0x2000034c                        _enoinit = .

._user_heap_stack
                0x2000034c      0x604
                0x20000350                        . = ALIGN (0x8)
 *fill*         0x2000034c        0x4 
                [!provide]                        PROVIDE (end = .)
                0x20000350                        PROVIDE (_end = .)
                0x20000550                        . = (. + _Min_Heap_Size)
 *fill*         0x20000350      0x200 
                0x20000950                        . = (. + _Min_Stack_Size)
 *fill*         0x20000550      0x400 
                0x20000950                        . = ALIGN (0x8)

/DISCARD/
 libc.a(*)
 libm.a(*)
 libgcc.a(*)

.ARM.attributes
                0x00000000       0x30
 *(.ARM.attributes)
 .ARM.attributes
                0x00000000       0x22 c:/users/user/.platformio/packages/toolchain-gccarmnoneeabi/bin/../lib/gcc/arm-none-eabi/12.3.1/thumb/v7e-m+fp/hard/crti.o
 .ARM.attributes
                0x00000022       0x34 c:/users/user/.platformio/packages/toolchain-gccarmnoneeabi/bin/../lib/gcc/arm-none-eabi/12.3.1/thumb/v7e-m+fp/hard/crtbegin.o
 .ARM.attributes
                0x00000056       0x34 .pio/build/nucleo_g431rb/FrameworkArduinoVariant/PeripheralPins.c.o
 .ARM.attributes
                0x0000008a       0x34 .pio/build/nucleo_g431rb/FrameworkArduinoVariant/variant_NUCLEO_G431RB.cpp.o
 .ARM.attributes
                0x000000be       0x34 .pio/build/nucleo_g431rb/SrcWrapper/src/HAL/stm32yyxx_hal.c.o
 .ARM.attributes
                0x000000f2       0x34 .pio/build/nucleo_g431rb/SrcWrapper/src/HAL/stm32yyxx_hal_cortex.c.o
 .ARM.attributes
                0x00000126       0x34 .pio/build/nucleo_g431rb/SrcWrapper/src/HAL/stm32yyxx_hal_crc.c.o
 .ARM.attributes
                0x0000015a       0x34 .pio/build/nucleo_g431rb/SrcWrapper/src/HAL/stm32yyxx_hal_crc_ex.c.o
 .ARM.attributes
                0x0000018e       0x34 .pio/build/nucleo_g431rb/SrcWrapper/src/HAL/stm32yyxx_hal_dac.c.o
 .ARM.attributes
                0x000001c2       0x34 .pio/build/nucleo_g431rb/SrcWrapper/src/HAL/stm32yyxx_hal_dma.c.o
 .ARM.attributes
                0x000001f6       0x34 .pio/build/nucleo_g431rb/SrcWrapper/src/HAL/stm32yyxx_hal_gpio.c.o
 .ARM.attributes
                0x0000022a       0x34 .pio/build/nucleo_g431rb/SrcWrapper/src/HAL/stm32yyxx_hal_pwr.c.o
 .ARM.attributes
                0x0000025e       0x34 .pio/build/nucleo_g431rb/SrcWrapper/src/HAL/stm32yyxx_hal_pwr_ex.c.o
 .ARM.attributes
                0x00000292       0x34 .pio/build/nucleo_g431rb/SrcWrapper/src/HAL/stm32yyxx_hal_rcc.c.o
 .ARM.attributes
                0x000002c6       0x34 .pio/build/nucleo_g431rb/SrcWrapper/src/HAL/stm32yyxx_hal_uart.c.o
 .ARM.attributes
                0x000002fa       0x34 .pio/build/nucleo_g431rb/SrcWrapper/src/HAL/stm32yyxx_hal_uart_ex.c.o
 .ARM.attributes
                0x0000032e       0x34 .pio/build/nucleo_g431rb/SrcWrapper/src/stm32/PortNames.c.o
 .ARM.attributes
                0x00000362       0x34 .pio/build/nucleo_g431rb/SrcWrapper/src/stm32/analog.cpp.o
 .ARM.attributes
                0x00000396       0x34 .pio/build/nucleo_g431rb/SrcWrapper/src/stm32/clock.c.o
 .ARM.attributes
                0x000003ca       0x34 .pio/build/nucleo_g431rb/SrcWrapper/src/stm32/dwt.c.o
 .ARM.attributes
                0x000003fe       0x34 .pio/build/nucleo_g431rb/SrcWrapper/src/stm32/hw_config.c.o
 .ARM.attributes
                0x00000432       0x34 .pio/build/nucleo_g431rb/SrcWrapper/src/stm32/interrupt.cpp.o
 .ARM.attributes
                0x00000466       0x34 .pio/build/nucleo_g431rb/SrcWrapper/src/stm32/pinmap.c.o
 .ARM.attributes
                0x0000049a       0x34 .pio/build/nucleo_g431rb/SrcWrapper/src/stm32/system_stm32yyxx.c.o
 .ARM.attributes
                0x000004ce       0x34 .pio/build/nucleo_g431rb/SrcWrapper/src/stm32/uart.c.o
 .ARM.attributes
                0x00000502       0x34 .pio/build/nucleo_g431rb/src/main.cpp.o
 .ARM.attributes
                0x00000536       0x34 .pio/build/nucleo_g431rb/libFrameworkArduino.a(HardwareSerial.cpp.o)
 .ARM.attributes
                0x0000056a       0x34 .pio/build/nucleo_g431rb/libFrameworkArduino.a(Print.cpp.o)
 .ARM.attributes
                0x0000059e       0x34 .pio/build/nucleo_g431rb/libFrameworkArduino.a(Stream.cpp.o)
 .ARM.attributes
                0x000005d2       0x34 .pio/build/nucleo_g431rb/libFrameworkArduino.a(main.cpp.o)
 .ARM.attributes
                0x00000606       0x21 .pio/build/nucleo_g431rb/libFrameworkArduino.a(startup_stm32yyxx.S.o)
 .ARM.attributes
                0x00000627       0x34 .pio/build/nucleo_g431rb/libFrameworkArduino.a(wiring_digital.c.o)
 .ARM.attributes
                0x0000065b       0x34 .pio/build/nucleo_g431rb/libFrameworkArduino.a(wiring_time.c.o)
 .ARM.attributes
                0x0000068f       0x34 .pio/build/nucleo_g431rb/libFrameworkArduino.a(WSerial.cpp.o)
 .ARM.attributes
                0x000006c3       0x34 .pio/build/nucleo_g431rb/libFrameworkArduino.a(board.c.o)
 .ARM.attributes
                0x000006f7       0x34 .pio/build/nucleo_g431rb/libFrameworkArduino.a(hooks.c.o)
 .ARM.attributes
                0x0000072b       0x34 .pio/build/nucleo_g431rb/libFrameworkArduino.a(wiring_analog.c.o)
 .ARM.attributes
                0x0000075f       0x22 c:/users/user/.platformio/packages/toolchain-gccarmnoneeabi/bin/../lib/gcc/arm-none-eabi/12.3.1/thumb/v7e-m+fp/hard\libgcc.a(_aeabi_uldivmod.o)
 .ARM.attributes
                0x00000781       0x34 c:/users/user/.platformio/packages/toolchain-gccarmnoneeabi/bin/../lib/gcc/arm-none-eabi/12.3.1/thumb/v7e-m+fp/hard\libgcc.a(_udivmoddi4.o)
 .ARM.attributes
                0x000007b5       0x22 c:/users/user/.platformio/packages/toolchain-gccarmnoneeabi/bin/../lib/gcc/arm-none-eabi/12.3.1/thumb/v7e-m+fp/hard\libgcc.a(_dvmd_tls.o)
 .ARM.attributes
                0x000007d7       0x34 c:/users/user/.platformio/packages/toolchain-gccarmnoneeabi/bin/../lib/gcc/arm-none-eabi/12.3.1/../../../../arm-none-eabi/lib/thumb/v7e-m+fp/hard\libc_nano.a(libc_a-memset.o)
 .ARM.attributes
                0x0000080b       0x34 c:/users/user/.platformio/packages/toolchain-gccarmnoneeabi/bin/../lib/gcc/arm-none-eabi/12.3.1/../../../../arm-none-eabi/lib/thumb/v7e-m+fp/hard\libc_nano.a(libc_a-init.o)
 .ARM.attributes
                0x0000083f       0x34 c:/users/user/.platformio/packages/toolchain-gccarmnoneeabi/bin/../lib/gcc/arm-none-eabi/12.3.1/../../../../arm-none-eabi/lib/thumb/v7e-m+fp/hard\libc_nano.a(libc_a-memcpy-stub.o)
 .ARM.attributes
                0x00000873       0x17 c:/users/user/.platformio/packages/toolchain-gccarmnoneeabi/bin/../lib/gcc/arm-none-eabi/12.3.1/../../../../arm-none-eabi/lib/thumb/v7e-m+fp/hard\libc_nano.a(libc_a-strlen.o)
 .ARM.attributes
                0x0000088a       0x22 c:/users/user/.platformio/packages/toolchain-gccarmnoneeabi/bin/../lib/gcc/arm-none-eabi/12.3.1/thumb/v7e-m+fp/hard/crtn.o
OUTPUT(.pio/build/nucleo_g431rb/firmware.elf elf32-littlearm)
LOAD linker stubs
LOAD c:/users/user/.platformio/packages/toolchain-gccarmnoneeabi/bin/../lib/gcc/arm-none-eabi/12.3.1/../../../../arm-none-eabi/lib/thumb/v7e-m+fp/hard\libc.a
LOAD c:/users/user/.platformio/packages/toolchain-gccarmnoneeabi/bin/../lib/gcc/arm-none-eabi/12.3.1/../../../../arm-none-eabi/lib/thumb/v7e-m+fp/hard\libm.a
LOAD c:/users/user/.platformio/packages/toolchain-gccarmnoneeabi/bin/../lib/gcc/arm-none-eabi/12.3.1/thumb/v7e-m+fp/hard\libgcc.a

.comment        0x00000000       0x39
 .comment       0x00000000       0x39 c:/users/user/.platformio/packages/toolchain-gccarmnoneeabi/bin/../lib/gcc/arm-none-eabi/12.3.1/thumb/v7e-m+fp/hard/crtbegin.o
                                 0x3a (size before relaxing)
 .comment       0x00000039       0x3a .pio/build/nucleo_g431rb/FrameworkArduinoVariant/PeripheralPins.c.o
 .comment       0x00000039       0x3a .pio/build/nucleo_g431rb/FrameworkArduinoVariant/variant_NUCLEO_G431RB.cpp.o
 .comment       0x00000039       0x3a .pio/build/nucleo_g431rb/SrcWrapper/src/HAL/stm32yyxx_hal.c.o
 .comment       0x00000039       0x3a .pio/build/nucleo_g431rb/SrcWrapper/src/HAL/stm32yyxx_hal_cortex.c.o
 .comment       0x00000039       0x3a .pio/build/nucleo_g431rb/SrcWrapper/src/HAL/stm32yyxx_hal_crc.c.o
 .comment       0x00000039       0x3a .pio/build/nucleo_g431rb/SrcWrapper/src/HAL/stm32yyxx_hal_crc_ex.c.o
 .comment       0x00000039       0x3a .pio/build/nucleo_g431rb/SrcWrapper/src/HAL/stm32yyxx_hal_dac.c.o
 .comment       0x00000039       0x3a .pio/build/nucleo_g431rb/SrcWrapper/src/HAL/stm32yyxx_hal_dma.c.o
 .comment       0x00000039       0x3a .pio/build/nucleo_g431rb/SrcWrapper/src/HAL/stm32yyxx_hal_gpio.c.o
 .comment       0x00000039       0x3a .pio/build/nucleo_g431rb/SrcWrapper/src/HAL/stm32yyxx_hal_pwr.c.o
 .comment       0x00000039       0x3a .pio/build/nucleo_g431rb/SrcWrapper/src/HAL/stm32yyxx_hal_pwr_ex.c.o
 .comment       0x00000039       0x3a .pio/build/nucleo_g431rb/SrcWrapper/src/HAL/stm32yyxx_hal_rcc.c.o
 .comment       0x00000039       0x3a .pio/build/nucleo_g431rb/SrcWrapper/src/HAL/stm32yyxx_hal_uart.c.o
 .comment       0x00000039       0x3a .pio/build/nucleo_g431rb/SrcWrapper/src/HAL/stm32yyxx_hal_uart_ex.c.o
 .comment       0x00000039       0x3a .pio/build/nucleo_g431rb/SrcWrapper/src/stm32/PortNames.c.o
 .comment       0x00000039       0x3a .pio/build/nucleo_g431rb/SrcWrapper/src/stm32/analog.cpp.o
 .comment       0x00000039       0x3a .pio/build/nucleo_g431rb/SrcWrapper/src/stm32/clock.c.o
 .comment       0x00000039       0x3a .pio/build/nucleo_g431rb/SrcWrapper/src/stm32/dwt.c.o
 .comment       0x00000039       0x3a .pio/build/nucleo_g431rb/SrcWrapper/src/stm32/hw_config.c.o
 .comment       0x00000039       0x3a .pio/build/nucleo_g431rb/SrcWrapper/src/stm32/interrupt.cpp.o
 .comment       0x00000039       0x3a .pio/build/nucleo_g431rb/SrcWrapper/src/stm32/pinmap.c.o
 .comment       0x00000039       0x3a .pio/build/nucleo_g431rb/SrcWrapper/src/stm32/system_stm32yyxx.c.o
 .comment       0x00000039       0x3a .pio/build/nucleo_g431rb/SrcWrapper/src/stm32/uart.c.o
 .comment       0x00000039       0x3a .pio/build/nucleo_g431rb/src/main.cpp.o
 .comment       0x00000039       0x3a .pio/build/nucleo_g431rb/libFrameworkArduino.a(HardwareSerial.cpp.o)
 .comment       0x00000039       0x3a .pio/build/nucleo_g431rb/libFrameworkArduino.a(Print.cpp.o)
 .comment       0x00000039       0x3a .pio/build/nucleo_g431rb/libFrameworkArduino.a(Stream.cpp.o)
 .comment       0x00000039       0x3a .pio/build/nucleo_g431rb/libFrameworkArduino.a(main.cpp.o)
 .comment       0x00000039       0x3a .pio/build/nucleo_g431rb/libFrameworkArduino.a(wiring_digital.c.o)
 .comment       0x00000039       0x3a .pio/build/nucleo_g431rb/libFrameworkArduino.a(wiring_time.c.o)
 .comment       0x00000039       0x3a .pio/build/nucleo_g431rb/libFrameworkArduino.a(WSerial.cpp.o)
 .comment       0x00000039       0x3a .pio/build/nucleo_g431rb/libFrameworkArduino.a(board.c.o)
 .comment       0x00000039       0x3a .pio/build/nucleo_g431rb/libFrameworkArduino.a(hooks.c.o)
 .comment       0x00000039       0x3a .pio/build/nucleo_g431rb/libFrameworkArduino.a(wiring_analog.c.o)
 .comment       0x00000039       0x3a c:/users/user/.platformio/packages/toolchain-gccarmnoneeabi/bin/../lib/gcc/arm-none-eabi/12.3.1/thumb/v7e-m+fp/hard\libgcc.a(_udivmoddi4.o)
 .comment       0x00000039       0x3a c:/users/user/.platformio/packages/toolchain-gccarmnoneeabi/bin/../lib/gcc/arm-none-eabi/12.3.1/../../../../arm-none-eabi/lib/thumb/v7e-m+fp/hard\libc_nano.a(libc_a-memset.o)
 .comment       0x00000039       0x3a c:/users/user/.platformio/packages/toolchain-gccarmnoneeabi/bin/../lib/gcc/arm-none-eabi/12.3.1/../../../../arm-none-eabi/lib/thumb/v7e-m+fp/hard\libc_nano.a(libc_a-init.o)
 .comment       0x00000039       0x3a c:/users/user/.platformio/packages/toolchain-gccarmnoneeabi/bin/../lib/gcc/arm-none-eabi/12.3.1/../../../../arm-none-eabi/lib/thumb/v7e-m+fp/hard\libc_nano.a(libc_a-memcpy-stub.o)

.debug_line     0x00000000      0x649
 .debug_line    0x00000000       0x4e c:/users/user/.platformio/packages/toolchain-gccarmnoneeabi/bin/../lib/gcc/arm-none-eabi/12.3.1/thumb/v7e-m+fp/hard\libgcc.a(_aeabi_uldivmod.o)
 .debug_line    0x0000004e      0x5b1 c:/users/user/.platformio/packages/toolchain-gccarmnoneeabi/bin/../lib/gcc/arm-none-eabi/12.3.1/thumb/v7e-m+fp/hard\libgcc.a(_udivmoddi4.o)
 .debug_line    0x000005ff       0x4a c:/users/user/.platformio/packages/toolchain-gccarmnoneeabi/bin/../lib/gcc/arm-none-eabi/12.3.1/thumb/v7e-m+fp/hard\libgcc.a(_dvmd_tls.o)

.debug_line_str
                0x00000000      0x11e
 .debug_line_str
                0x00000000      0x112 c:/users/user/.platformio/packages/toolchain-gccarmnoneeabi/bin/../lib/gcc/arm-none-eabi/12.3.1/thumb/v7e-m+fp/hard\libgcc.a(_aeabi_uldivmod.o)
 .debug_line_str
                0x00000112        0xc c:/users/user/.platformio/packages/toolchain-gccarmnoneeabi/bin/../lib/gcc/arm-none-eabi/12.3.1/thumb/v7e-m+fp/hard\libgcc.a(_dvmd_tls.o)
                                0x116 (size before relaxing)

.debug_info     0x00000000      0x75d
 .debug_info    0x00000000       0x24 c:/users/user/.platformio/packages/toolchain-gccarmnoneeabi/bin/../lib/gcc/arm-none-eabi/12.3.1/thumb/v7e-m+fp/hard\libgcc.a(_aeabi_uldivmod.o)
 .debug_info    0x00000024      0x6fd c:/users/user/.platformio/packages/toolchain-gccarmnoneeabi/bin/../lib/gcc/arm-none-eabi/12.3.1/thumb/v7e-m+fp/hard\libgcc.a(_udivmoddi4.o)
 .debug_info    0x00000721       0x3c c:/users/user/.platformio/packages/toolchain-gccarmnoneeabi/bin/../lib/gcc/arm-none-eabi/12.3.1/thumb/v7e-m+fp/hard\libgcc.a(_dvmd_tls.o)

.debug_abbrev   0x00000000      0x1a4
 .debug_abbrev  0x00000000       0x14 c:/users/user/.platformio/packages/toolchain-gccarmnoneeabi/bin/../lib/gcc/arm-none-eabi/12.3.1/thumb/v7e-m+fp/hard\libgcc.a(_aeabi_uldivmod.o)
 .debug_abbrev  0x00000014      0x16a c:/users/user/.platformio/packages/toolchain-gccarmnoneeabi/bin/../lib/gcc/arm-none-eabi/12.3.1/thumb/v7e-m+fp/hard\libgcc.a(_udivmoddi4.o)
 .debug_abbrev  0x0000017e       0x26 c:/users/user/.platformio/packages/toolchain-gccarmnoneeabi/bin/../lib/gcc/arm-none-eabi/12.3.1/thumb/v7e-m+fp/hard\libgcc.a(_dvmd_tls.o)

.debug_aranges  0x00000000       0x60
 .debug_aranges
                0x00000000       0x20 c:/users/user/.platformio/packages/toolchain-gccarmnoneeabi/bin/../lib/gcc/arm-none-eabi/12.3.1/thumb/v7e-m+fp/hard\libgcc.a(_aeabi_uldivmod.o)
 .debug_aranges
                0x00000020       0x20 c:/users/user/.platformio/packages/toolchain-gccarmnoneeabi/bin/../lib/gcc/arm-none-eabi/12.3.1/thumb/v7e-m+fp/hard\libgcc.a(_udivmoddi4.o)
 .debug_aranges
                0x00000040       0x20 c:/users/user/.platformio/packages/toolchain-gccarmnoneeabi/bin/../lib/gcc/arm-none-eabi/12.3.1/thumb/v7e-m+fp/hard\libgcc.a(_dvmd_tls.o)

.debug_str      0x00000000      0x7da
 .debug_str     0x00000000      0x120 c:/users/user/.platformio/packages/toolchain-gccarmnoneeabi/bin/../lib/gcc/arm-none-eabi/12.3.1/thumb/v7e-m+fp/hard\libgcc.a(_aeabi_uldivmod.o)
 .debug_str     0x00000120      0x62f c:/users/user/.platformio/packages/toolchain-gccarmnoneeabi/bin/../lib/gcc/arm-none-eabi/12.3.1/thumb/v7e-m+fp/hard\libgcc.a(_udivmoddi4.o)
                                0x72a (size before relaxing)
 .debug_str     0x0000074f       0x8b c:/users/user/.platformio/packages/toolchain-gccarmnoneeabi/bin/../lib/gcc/arm-none-eabi/12.3.1/thumb/v7e-m+fp/hard\libgcc.a(_dvmd_tls.o)
                                0x140 (size before relaxing)

.debug_frame    0x00000000       0x60
 .debug_frame   0x00000000       0x2c c:/users/user/.platformio/packages/toolchain-gccarmnoneeabi/bin/../lib/gcc/arm-none-eabi/12.3.1/thumb/v7e-m+fp/hard\libgcc.a(_aeabi_uldivmod.o)
 .debug_frame   0x0000002c       0x34 c:/users/user/.platformio/packages/toolchain-gccarmnoneeabi/bin/../lib/gcc/arm-none-eabi/12.3.1/thumb/v7e-m+fp/hard\libgcc.a(_udivmoddi4.o)

.debug_loclists
                0x00000000      0x984
 .debug_loclists
                0x00000000      0x984 c:/users/user/.platformio/packages/toolchain-gccarmnoneeabi/bin/../lib/gcc/arm-none-eabi/12.3.1/thumb/v7e-m+fp/hard\libgcc.a(_udivmoddi4.o)

.debug_rnglists
                0x00000000       0x9b
 .debug_rnglists
                0x00000000       0x9b c:/users/user/.platformio/packages/toolchain-gccarmnoneeabi/bin/../lib/gcc/arm-none-eabi/12.3.1/thumb/v7e-m+fp/hard\libgcc.a(_udivmoddi4.o)
